Archive member included to satisfy reference by file (symbol)

/opt/gcc-arm-none-eabi-7-2018-q2-update/bin/../lib/gcc/arm-none-eabi/7.3.1/../../../../arm-none-eabi/lib/thumb/v7-m/libc_nano.a(lib_a-exit.o)
                              /opt/gcc-arm-none-eabi-7-2018-q2-update/bin/../lib/gcc/arm-none-eabi/7.3.1/../../../../arm-none-eabi/lib/thumb/v7-m/crt0.o (exit)
/opt/gcc-arm-none-eabi-7-2018-q2-update/bin/../lib/gcc/arm-none-eabi/7.3.1/../../../../arm-none-eabi/lib/thumb/v7-m/libc_nano.a(lib_a-impure.o)
                              /opt/gcc-arm-none-eabi-7-2018-q2-update/bin/../lib/gcc/arm-none-eabi/7.3.1/../../../../arm-none-eabi/lib/thumb/v7-m/libc_nano.a(lib_a-exit.o) (_global_impure_ptr)
/opt/gcc-arm-none-eabi-7-2018-q2-update/bin/../lib/gcc/arm-none-eabi/7.3.1/../../../../arm-none-eabi/lib/thumb/v7-m/libc_nano.a(lib_a-init.o)
                              /opt/gcc-arm-none-eabi-7-2018-q2-update/bin/../lib/gcc/arm-none-eabi/7.3.1/../../../../arm-none-eabi/lib/thumb/v7-m/crt0.o (__libc_init_array)
/opt/gcc-arm-none-eabi-7-2018-q2-update/bin/../lib/gcc/arm-none-eabi/7.3.1/../../../../arm-none-eabi/lib/thumb/v7-m/libc_nano.a(lib_a-memset.o)
                              /opt/gcc-arm-none-eabi-7-2018-q2-update/bin/../lib/gcc/arm-none-eabi/7.3.1/../../../../arm-none-eabi/lib/thumb/v7-m/crt0.o (memset)
/opt/gcc-arm-none-eabi-7-2018-q2-update/bin/../lib/gcc/arm-none-eabi/7.3.1/../../../../arm-none-eabi/lib/thumb/v7-m/libc_nano.a(lib_a-nano-vfprintf_float.o)
                              (_printf_float)
/opt/gcc-arm-none-eabi-7-2018-q2-update/bin/../lib/gcc/arm-none-eabi/7.3.1/../../../../arm-none-eabi/lib/thumb/v7-m/libc_nano.a(lib_a-nano-vfprintf_i.o)
                              /opt/gcc-arm-none-eabi-7-2018-q2-update/bin/../lib/gcc/arm-none-eabi/7.3.1/../../../../arm-none-eabi/lib/thumb/v7-m/libc_nano.a(lib_a-nano-vfprintf_float.o) (_printf_common)
/opt/gcc-arm-none-eabi-7-2018-q2-update/bin/../lib/gcc/arm-none-eabi/7.3.1/../../../../arm-none-eabi/lib/thumb/v7-m/libc_nano.a(lib_a-strlen.o)
                              /opt/gcc-arm-none-eabi-7-2018-q2-update/bin/../lib/gcc/arm-none-eabi/7.3.1/../../../../arm-none-eabi/lib/thumb/v7-m/libc_nano.a(lib_a-nano-vfprintf_float.o) (strlen)
/opt/gcc-arm-none-eabi-7-2018-q2-update/bin/../lib/gcc/arm-none-eabi/7.3.1/../../../../arm-none-eabi/lib/thumb/v7-m/libc_nano.a(lib_a-dtoa.o)
                              /opt/gcc-arm-none-eabi-7-2018-q2-update/bin/../lib/gcc/arm-none-eabi/7.3.1/../../../../arm-none-eabi/lib/thumb/v7-m/libc_nano.a(lib_a-nano-vfprintf_float.o) (_dtoa_r)
/opt/gcc-arm-none-eabi-7-2018-q2-update/bin/../lib/gcc/arm-none-eabi/7.3.1/../../../../arm-none-eabi/lib/thumb/v7-m/libc_nano.a(lib_a-localeconv.o)
                              /opt/gcc-arm-none-eabi-7-2018-q2-update/bin/../lib/gcc/arm-none-eabi/7.3.1/../../../../arm-none-eabi/lib/thumb/v7-m/libc_nano.a(lib_a-nano-vfprintf_float.o) (_localeconv_r)
/opt/gcc-arm-none-eabi-7-2018-q2-update/bin/../lib/gcc/arm-none-eabi/7.3.1/../../../../arm-none-eabi/lib/thumb/v7-m/libc_nano.a(lib_a-malloc.o)
                              /opt/gcc-arm-none-eabi-7-2018-q2-update/bin/../lib/gcc/arm-none-eabi/7.3.1/../../../../arm-none-eabi/lib/thumb/v7-m/libc_nano.a(lib_a-dtoa.o) (malloc)
/opt/gcc-arm-none-eabi-7-2018-q2-update/bin/../lib/gcc/arm-none-eabi/7.3.1/../../../../arm-none-eabi/lib/thumb/v7-m/libc_nano.a(lib_a-memchr-stub.o)
                              /opt/gcc-arm-none-eabi-7-2018-q2-update/bin/../lib/gcc/arm-none-eabi/7.3.1/../../../../arm-none-eabi/lib/thumb/v7-m/libc_nano.a(lib_a-nano-vfprintf_i.o) (memchr)
/opt/gcc-arm-none-eabi-7-2018-q2-update/bin/../lib/gcc/arm-none-eabi/7.3.1/../../../../arm-none-eabi/lib/thumb/v7-m/libc_nano.a(lib_a-memcpy-stub.o)
                              /opt/gcc-arm-none-eabi-7-2018-q2-update/bin/../lib/gcc/arm-none-eabi/7.3.1/../../../../arm-none-eabi/lib/thumb/v7-m/libc_nano.a(lib_a-dtoa.o) (memcpy)
/opt/gcc-arm-none-eabi-7-2018-q2-update/bin/../lib/gcc/arm-none-eabi/7.3.1/../../../../arm-none-eabi/lib/thumb/v7-m/libc_nano.a(lib_a-mprec.o)
                              /opt/gcc-arm-none-eabi-7-2018-q2-update/bin/../lib/gcc/arm-none-eabi/7.3.1/../../../../arm-none-eabi/lib/thumb/v7-m/libc_nano.a(lib_a-dtoa.o) (_Balloc)
/opt/gcc-arm-none-eabi-7-2018-q2-update/bin/../lib/gcc/arm-none-eabi/7.3.1/../../../../arm-none-eabi/lib/thumb/v7-m/libc_nano.a(lib_a-nano-callocr.o)
                              /opt/gcc-arm-none-eabi-7-2018-q2-update/bin/../lib/gcc/arm-none-eabi/7.3.1/../../../../arm-none-eabi/lib/thumb/v7-m/libc_nano.a(lib_a-mprec.o) (_calloc_r)
/opt/gcc-arm-none-eabi-7-2018-q2-update/bin/../lib/gcc/arm-none-eabi/7.3.1/../../../../arm-none-eabi/lib/thumb/v7-m/libc_nano.a(lib_a-nano-freer.o)
                              /opt/gcc-arm-none-eabi-7-2018-q2-update/bin/../lib/gcc/arm-none-eabi/7.3.1/../../../../arm-none-eabi/lib/thumb/v7-m/libc_nano.a(lib_a-malloc.o) (_free_r)
[...]
Memory Configuration

Name             Origin             Length             Attributes
FLASH            0x0000000008000000 0x0000000000010000 xr
RAM              0x0000000020000000 0x0000000000005000 xrw
*default*        0x0000000000000000 0xffffffffffffffff

Linker script and memory map

LOAD /opt/gcc-arm-none-eabi-7-2018-q2-update/bin/../lib/gcc/arm-none-eabi/7.3.1/thumb/v7-m/crti.o
LOAD /opt/gcc-arm-none-eabi-7-2018-q2-update/bin/../lib/gcc/arm-none-eabi/7.3.1/thumb/v7-m/crtbegin.o
LOAD /opt/gcc-arm-none-eabi-7-2018-q2-update/bin/../lib/gcc/arm-none-eabi/7.3.1/../../../../arm-none-eabi/lib/thumb/v7-m/crt0.o
                0x0000000000000080                malloc_getpagesize_P = 0x80
START GROUP
LOAD /opt/gcc-arm-none-eabi-7-2018-q2-update/bin/../lib/gcc/arm-none-eabi/7.3.1/../../../../arm-none-eabi/lib/thumb/v7-m/libc_nano.a
LOAD /opt/gcc-arm-none-eabi-7-2018-q2-update/bin/../lib/gcc/arm-none-eabi/7.3.1/../../../../arm-none-eabi/lib/thumb/v7-m/libm.a
END GROUP
LOAD /opt/gcc-arm-none-eabi-7-2018-q2-update/bin/../lib/gcc/arm-none-eabi/7.3.1/../../../../arm-none-eabi/lib/thumb/v7-m/libm.a
LOAD build/obj_stm32-bluepill/main.o
LOAD build/obj_stm32-bluepill/fanpwm.o
LOAD build/obj_stm32-bluepill/console_cmd.o
LOAD build/obj_stm32-bluepill/test_usb.o
LOAD build/obj_stm32-bluepill/scheduler.o
LOAD build/obj_stm32-bluepill/timer.o
LOAD build/obj_stm32-bluepill/board.o
LOAD build/obj_stm32-bluepill/system_stm32f1xx.o
LOAD build/obj_stm32-bluepill/stm32f1xx_hal.o
LOAD build/obj_stm32-bluepill/stm32f1xx_hal_cortex.o
LOAD build/obj_stm32-bluepill/stm32f1xx_hal_dma.o
LOAD build/obj_stm32-bluepill/stm32f1xx_hal_flash.o
LOAD build/obj_stm32-bluepill/stm32f1xx_hal_flash_ex.o
LOAD build/obj_stm32-bluepill/stm32f1xx_hal_gpio.o
LOAD build/obj_stm32-bluepill/stm32f1xx_hal_pcd.o
LOAD build/obj_stm32-bluepill/stm32f1xx_hal_pcd_ex.o
LOAD build/obj_stm32-bluepill/stm32f1xx_hal_pwr.o
LOAD build/obj_stm32-bluepill/stm32f1xx_hal_rcc.o
LOAD build/obj_stm32-bluepill/stm32f1xx_hal_rcc_ex.o
LOAD build/obj_stm32-bluepill/stm32f1xx_hal_tim.o
LOAD build/obj_stm32-bluepill/stm32f1xx_hal_tim_ex.o
LOAD build/obj_stm32-bluepill/stm32f1xx_hal_spi.o
LOAD build/obj_stm32-bluepill/stm32f1xx_hal_uart.o
LOAD build/obj_stm32-bluepill/stm32f1xx_hal_adc.o
LOAD build/obj_stm32-bluepill/stm32f1xx_hal_can.o
LOAD build/obj_stm32-bluepill/stm32f1xx_ll_usb.o
LOAD build/obj_stm32-bluepill/hal_console.o
LOAD build/obj_stm32-bluepill/hal_time.o
LOAD build/obj_stm32-bluepill/hal_gpio.o
LOAD build/obj_stm32-bluepill/hal_spi.o
LOAD build/obj_stm32-bluepill/hal_uart.o
LOAD build/obj_stm32-bluepill/hal_can.o
LOAD build/obj_stm32-bluepill/hal_wdg.o
LOAD build/obj_stm32-bluepill/hal_pm.o
LOAD build/obj_stm32-bluepill/hal_adc.o
LOAD build/obj_stm32-bluepill/hal_uuid.o
LOAD build/obj_stm32-bluepill/hal_usbserial.o
LOAD build/obj_stm32-bluepill/hal_usbmsc.o
LOAD build/obj_stm32-bluepill/swo.o
LOAD build/obj_stm32-bluepill/dwt_delay.o
LOAD build/obj_stm32-bluepill/hal_flash.o
LOAD build/obj_stm32-bluepill/hal_timer.o
LOAD build/obj_stm32-bluepill/usbd_core.o
LOAD build/obj_stm32-bluepill/usbd_ctlreq.o
LOAD build/obj_stm32-bluepill/usbd_ioreq.o
LOAD build/obj_stm32-bluepill/usbd_conf.o
LOAD build/obj_stm32-bluepill/usbd_desc.o
LOAD build/obj_stm32-bluepill/usb_device.o
LOAD build/obj_stm32-bluepill/usbd_cdc.o
LOAD build/obj_stm32-bluepill/usbd_cdc_if.o
LOAD build/obj_stm32-bluepill/startup_stm32f103xb.o
LOAD build/obj_stm32-bluepill/console.o
LOAD build/obj_stm32-bluepill/memlog.o
LOAD build/obj_stm32-bluepill/trace.o
LOAD build/obj_stm32-bluepill/fslog.o
LOAD build/obj_stm32-bluepill/crc16.o
LOAD build/obj_stm32-bluepill/sprintf.o
LOAD build/obj_stm32-bluepill/crc32.o
LOAD build/obj_stm32-bluepill/list.o
LOAD build/obj_stm32-bluepill/crc8.o
LOAD build/obj_stm32-bluepill/utils.o
LOAD build/obj_stm32-bluepill/strlcpy.o
LOAD build/obj_stm32-bluepill/bcd.o
LOAD build/obj_stm32-bluepill/uuid.o
LOAD build/obj_stm32-bluepill/hal_led.o
START GROUP
LOAD /opt/gcc-arm-none-eabi-7-2018-q2-update/bin/../lib/gcc/arm-none-eabi/7.3.1/thumb/v7-m/libgcc.a
LOAD /opt/gcc-arm-none-eabi-7-2018-q2-update/bin/../lib/gcc/arm-none-eabi/7.3.1/../../../../arm-none-eabi/lib/thumb/v7-m/libc_nano.a
END GROUP
START GROUP
LOAD /opt/gcc-arm-none-eabi-7-2018-q2-update/bin/../lib/gcc/arm-none-eabi/7.3.1/thumb/v7-m/libgcc.a
LOAD /opt/gcc-arm-none-eabi-7-2018-q2-update/bin/../lib/gcc/arm-none-eabi/7.3.1/../../../../arm-none-eabi/lib/thumb/v7-m/libc_nano.a
LOAD /opt/gcc-arm-none-eabi-7-2018-q2-update/bin/../lib/gcc/arm-none-eabi/7.3.1/../../../../arm-none-eabi/lib/thumb/v7-m/libnosys.a
END GROUP
START GROUP
LOAD /opt/gcc-arm-none-eabi-7-2018-q2-update/bin/../lib/gcc/arm-none-eabi/7.3.1/thumb/v7-m/libgcc.a
LOAD /opt/gcc-arm-none-eabi-7-2018-q2-update/bin/../lib/gcc/arm-none-eabi/7.3.1/../../../../arm-none-eabi/lib/thumb/v7-m/libc_nano.a
LOAD /opt/gcc-arm-none-eabi-7-2018-q2-update/bin/../lib/gcc/arm-none-eabi/7.3.1/../../../../arm-none-eabi/lib/thumb/v7-m/libnosys.a
END GROUP
LOAD /opt/gcc-arm-none-eabi-7-2018-q2-update/bin/../lib/gcc/arm-none-eabi/7.3.1/thumb/v7-m/crtend.o
LOAD /opt/gcc-arm-none-eabi-7-2018-q2-update/bin/../lib/gcc/arm-none-eabi/7.3.1/thumb/v7-m/crtn.o
                0x0000000020005000                _estack = 0x20005000
                0x0000000000000000                _Min_Heap_Size = 0x0
                0x0000000000001000                _Min_Stack_Size = 0x1000

.isr_vector     0x0000000008000000      0x10c
                0x0000000008000000                . = ALIGN (0x4)
 *(.isr_vector)
 .isr_vector    0x0000000008000000      0x10c build/obj_stm32-bluepill/startup_stm32f103xb.o
                0x0000000008000000                g_pfnVectors
                0x000000000800010c                . = ALIGN (0x4)

.text           0x0000000008000110     0x7df0
                0x0000000008000110                . = ALIGN (0x4)
 *(.text)
 .text          0x0000000008000110       0x40 /opt/gcc-arm-none-eabi-7-2018-q2-update/bin/../lib/gcc/arm-none-eabi/7.3.1/thumb/v7-m/crtbegin.o
 .text          0x0000000008000150       0x10 /opt/gcc-arm-none-eabi-7-2018-q2-update/bin/../lib/gcc/arm-none-eabi/7.3.1/../../../../arm-none-eabi/lib/thumb/v7-m/libc_nano.a(lib_a-strlen.o)
                0x0000000008000150                strlen
 .text          0x0000000008000160       0x14 /opt/gcc-arm-none-eabi-7-2018-q2-update/bin/../lib/gcc/arm-none-eabi/7.3.1/../../../../arm-none-eabi/lib/thumb/v7-m/libc_nano.a(lib_a-strcmp.o)
                0x0000000008000160                strcmp
 .text          0x0000000008000174      0x378 /opt/gcc-arm-none-eabi-7-2018-q2-update/bin/../lib/gcc/arm-none-eabi/7.3.1/thumb/v7-m/libgcc.a(_arm_addsubdf3.o)
                0x0000000008000174                __aeabi_drsub
                0x000000000800017c                __aeabi_dsub
                0x000000000800017c                __subdf3
                0x0000000008000180                __adddf3
                0x0000000008000180                __aeabi_dadd
                0x00000000080003f8                __aeabi_ui2d
                0x00000000080003f8                __floatunsidf
                0x0000000008000418                __floatsidf
                0x0000000008000418                __aeabi_i2d
                0x000000000800043c                __extendsfdf2
                0x000000000800043c                __aeabi_f2d
                0x0000000008000480                __aeabi_ul2d
                0x0000000008000480                __floatundidf
                0x0000000008000490                __floatdidf
                0x0000000008000490                __aeabi_l2d
 .text          0x00000000080004ec      0x424 /opt/gcc-arm-none-eabi-7-2018-q2-update/bin/../lib/gcc/arm-none-eabi/7.3.1/thumb/v7-m/libgcc.a(_arm_muldivdf3.o)
                0x00000000080004ec                __aeabi_dmul
                0x00000000080004ec                __muldf3
                0x0000000008000740                __aeabi_ddiv
                0x0000000008000740                __divdf3
 .text          0x0000000008000910      0x110 /opt/gcc-arm-none-eabi-7-2018-q2-update/bin/../lib/gcc/arm-none-eabi/7.3.1/thumb/v7-m/libgcc.a(_arm_cmpdf2.o)
                0x0000000008000910                __gtdf2
                0x0000000008000910                __gedf2
                0x0000000008000918                __ltdf2
                0x0000000008000918                __ledf2
                0x0000000008000920                __cmpdf2
                0x0000000008000920                __eqdf2
                0x0000000008000920                __nedf2
                0x000000000800099c                __aeabi_cdrcmple
                0x00000000080009ac                __aeabi_cdcmple
                0x00000000080009ac                __aeabi_cdcmpeq
                0x00000000080009bc                __aeabi_dcmpeq
                0x00000000080009d0                __aeabi_dcmplt
                0x00000000080009e4                __aeabi_dcmple
                0x00000000080009f8                __aeabi_dcmpge
                0x0000000008000a0c                __aeabi_dcmpgt
 .text          0x0000000008000a20       0x2c /opt/gcc-arm-none-eabi-7-2018-q2-update/bin/../lib/gcc/arm-none-eabi/7.3.1/thumb/v7-m/libgcc.a(_arm_unorddf2.o)
                0x0000000008000a20                __aeabi_dcmpun
                0x0000000008000a20                __unorddf2
 .text          0x0000000008000a4c       0x50 /opt/gcc-arm-none-eabi-7-2018-q2-update/bin/../lib/gcc/arm-none-eabi/7.3.1/thumb/v7-m/libgcc.a(_arm_fixdfsi.o)
                0x0000000008000a4c                __fixdfsi
                0x0000000008000a4c                __aeabi_d2iz
 .text          0x0000000008000a9c       0xa0 /opt/gcc-arm-none-eabi-7-2018-q2-update/bin/../lib/gcc/arm-none-eabi/7.3.1/thumb/v7-m/libgcc.a(_aeabi_ldivmod.o)
                0x0000000008000a9c                __aeabi_ldivmod
 .text          0x0000000008000b3c       0x30 /opt/gcc-arm-none-eabi-7-2018-q2-update/bin/../lib/gcc/arm-none-eabi/7.3.1/thumb/v7-m/libgcc.a(_aeabi_uldivmod.o)
                0x0000000008000b3c                __aeabi_uldivmod
 .text          0x0000000008000b6c      0x2d0 /opt/gcc-arm-none-eabi-7-2018-q2-update/bin/../lib/gcc/arm-none-eabi/7.3.1/thumb/v7-m/libgcc.a(_udivmoddi4.o)
                0x0000000008000b6c                __udivmoddi4
 .text          0x0000000008000e3c        0x4 /opt/gcc-arm-none-eabi-7-2018-q2-update/bin/../lib/gcc/arm-none-eabi/7.3.1/thumb/v7-m/libgcc.a(_dvmd_tls.o)
                0x0000000008000e3c                __aeabi_ldiv0
                0x0000000008000e3c                __aeabi_idiv0
 *(.text*)
 .text.memset   0x0000000008000e40       0x10 /opt/gcc-arm-none-eabi-7-2018-q2-update/bin/../lib/gcc/arm-none-eabi/7.3.1/../../../../arm-none-eabi/lib/thumb/v7-m/libc_nano.a(lib_a-memset.o)
                0x0000000008000e40                memset
 .text.__cvt    0x0000000008000e50       0xb8 /opt/gcc-arm-none-eabi-7-2018-q2-update/bin/../lib/gcc/arm-none-eabi/7.3.1/../../../../arm-none-eabi/lib/thumb/v7-m/libc_nano.a(lib_a-nano-vfprintf_float.o)
                0x0000000008000e50                __cvt
 .text.__exponent
                0x0000000008000f08       0x6a /opt/gcc-arm-none-eabi-7-2018-q2-update/bin/../lib/gcc/arm-none-eabi/7.3.1/../../../../arm-none-eabi/lib/thumb/v7-m/libc_nano.a(lib_a-nano-vfprintf_float.o)
                0x0000000008000f08                __exponent
 *fill*         0x0000000008000f72        0x2 
 .text._printf_float
                0x0000000008000f74      0x46c /opt/gcc-arm-none-eabi-7-2018-q2-update/bin/../lib/gcc/arm-none-eabi/7.3.1/../../../../arm-none-eabi/lib/thumb/v7-m/libc_nano.a(lib_a-nano-vfprintf_float.o)
                0x0000000008000f74                _printf_float
 .text._printf_common
                0x00000000080013e0       0xec /opt/gcc-arm-none-eabi-7-2018-q2-update/bin/../lib/gcc/arm-none-eabi/7.3.1/../../../../arm-none-eabi/lib/thumb/v7-m/libc_nano.a(lib_a-nano-vfprintf_i.o)
                0x00000000080013e0                _printf_common
 .text._printf_i
                0x00000000080014cc      0x224 /opt/gcc-arm-none-eabi-7-2018-q2-update/bin/../lib/gcc/arm-none-eabi/7.3.1/../../../../arm-none-eabi/lib/thumb/v7-m/libc_nano.a(lib_a-nano-vfprintf_i.o)
                0x00000000080014cc                _printf_i
 .text.quorem   0x00000000080016f0      0x11c /opt/gcc-arm-none-eabi-7-2018-q2-update/bin/../lib/gcc/arm-none-eabi/7.3.1/../../../../arm-none-eabi/lib/thumb/v7-m/libc_nano.a(lib_a-dtoa.o)
 *fill*         0x000000000800180c        0x4 
 .text._dtoa_r  0x0000000008001810      0xb68 /opt/gcc-arm-none-eabi-7-2018-q2-update/bin/../lib/gcc/arm-none-eabi/7.3.1/../../../../arm-none-eabi/lib/thumb/v7-m/libc_nano.a(lib_a-dtoa.o)
                0x0000000008001810                _dtoa_r
 .text._localeconv_r
                0x0000000008002378       0x1c /opt/gcc-arm-none-eabi-7-2018-q2-update/bin/../lib/gcc/arm-none-eabi/7.3.1/../../../../arm-none-eabi/lib/thumb/v7-m/libc_nano.a(lib_a-localeconv.o)
                0x0000000008002378                _localeconv_r
 .text.malloc   0x0000000008002394       0x10 /opt/gcc-arm-none-eabi-7-2018-q2-update/bin/../lib/gcc/arm-none-eabi/7.3.1/../../../../arm-none-eabi/lib/thumb/v7-m/libc_nano.a(lib_a-malloc.o)
                0x0000000008002394                malloc
 .text.memchr   0x00000000080023a4       0x1c /opt/gcc-arm-none-eabi-7-2018-q2-update/bin/../lib/gcc/arm-none-eabi/7.3.1/../../../../arm-none-eabi/lib/thumb/v7-m/libc_nano.a(lib_a-memchr-stub.o)
                0x00000000080023a4                memchr
 .text.memcpy   0x00000000080023c0       0x16 /opt/gcc-arm-none-eabi-7-2018-q2-update/bin/../lib/gcc/arm-none-eabi/7.3.1/../../../../arm-none-eabi/lib/thumb/v7-m/libc_nano.a(lib_a-memcpy-stub.o)
                0x00000000080023c0                memcpy
 .text._Balloc  0x00000000080023d6       0x68 /opt/gcc-arm-none-eabi-7-2018-q2-update/bin/../lib/gcc/arm-none-eabi/7.3.1/../../../../arm-none-eabi/lib/thumb/v7-m/libc_nano.a(lib_a-mprec.o)
                0x00000000080023d6                _Balloc
 .text._Bfree   0x000000000800243e       0x2e /opt/gcc-arm-none-eabi-7-2018-q2-update/bin/../lib/gcc/arm-none-eabi/7.3.1/../../../../arm-none-eabi/lib/thumb/v7-m/libc_nano.a(lib_a-mprec.o)
                0x000000000800243e                _Bfree
 .text.__multadd
                0x000000000800246c       0x76 /opt/gcc-arm-none-eabi-7-2018-q2-update/bin/../lib/gcc/arm-none-eabi/7.3.1/../../../../arm-none-eabi/lib/thumb/v7-m/libc_nano.a(lib_a-mprec.o)
                0x000000000800246c                __multadd
 .text.__hi0bits
                0x00000000080024e2       0x3e /opt/gcc-arm-none-eabi-7-2018-q2-update/bin/../lib/gcc/arm-none-eabi/7.3.1/../../../../arm-none-eabi/lib/thumb/v7-m/libc_nano.a(lib_a-mprec.o)
                0x00000000080024e2                __hi0bits
 .text.__lo0bits
                0x0000000008002520       0x5e /opt/gcc-arm-none-eabi-7-2018-q2-update/bin/../lib/gcc/arm-none-eabi/7.3.1/../../../../arm-none-eabi/lib/thumb/v7-m/libc_nano.a(lib_a-mprec.o)
                0x0000000008002520                __lo0bits
 .text.__i2b    0x000000000800257e       0x12 /opt/gcc-arm-none-eabi-7-2018-q2-update/bin/../lib/gcc/arm-none-eabi/7.3.1/../../../../arm-none-eabi/lib/thumb/v7-m/libc_nano.a(lib_a-mprec.o)
                0x000000000800257e                __i2b
 .text.__multiply
                0x0000000008002590      0x12a /opt/gcc-arm-none-eabi-7-2018-q2-update/bin/../lib/gcc/arm-none-eabi/7.3.1/../../../../arm-none-eabi/lib/thumb/v7-m/libc_nano.a(lib_a-mprec.o)
                0x0000000008002590                __multiply
 *fill*         0x00000000080026ba        0x2 
 .text.__pow5mult
                0x00000000080026bc       0x9c /opt/gcc-arm-none-eabi-7-2018-q2-update/bin/../lib/gcc/arm-none-eabi/7.3.1/../../../../arm-none-eabi/lib/thumb/v7-m/libc_nano.a(lib_a-mprec.o)
                0x00000000080026bc                __pow5mult
 .text.__lshift
                0x0000000008002758       0xa8 /opt/gcc-arm-none-eabi-7-2018-q2-update/bin/../lib/gcc/arm-none-eabi/7.3.1/../../../../arm-none-eabi/lib/thumb/v7-m/libc_nano.a(lib_a-mprec.o)
                0x0000000008002758                __lshift
 .text.__mcmp   0x0000000008002800       0x34 /opt/gcc-arm-none-eabi-7-2018-q2-update/bin/../lib/gcc/arm-none-eabi/7.3.1/../../../../arm-none-eabi/lib/thumb/v7-m/libc_nano.a(lib_a-mprec.o)
                0x0000000008002800                __mcmp
 .text.__mdiff  0x0000000008002834       0xbc /opt/gcc-arm-none-eabi-7-2018-q2-update/bin/../lib/gcc/arm-none-eabi/7.3.1/../../../../arm-none-eabi/lib/thumb/v7-m/libc_nano.a(lib_a-mprec.o)
                0x0000000008002834                __mdiff
 .text.__d2b    0x00000000080028f0       0x9e /opt/gcc-arm-none-eabi-7-2018-q2-update/bin/../lib/gcc/arm-none-eabi/7.3.1/../../../../arm-none-eabi/lib/thumb/v7-m/libc_nano.a(lib_a-mprec.o)
                0x00000000080028f0                __d2b
 .text._calloc_r
                0x000000000800298e       0x1c /opt/gcc-arm-none-eabi-7-2018-q2-update/bin/../lib/gcc/arm-none-eabi/7.3.1/../../../../arm-none-eabi/lib/thumb/v7-m/libc_nano.a(lib_a-nano-callocr.o)
                0x000000000800298e                _calloc_r
 *fill*         0x00000000080029aa        0x2 
 .text._free_r  0x00000000080029ac       0x98 /opt/gcc-arm-none-eabi-7-2018-q2-update/bin/../lib/gcc/arm-none-eabi/7.3.1/../../../../arm-none-eabi/lib/thumb/v7-m/libc_nano.a(lib_a-nano-freer.o)
                0x00000000080029ac                _free_r
 .text._malloc_r
                0x0000000008002a44       0xb4 /opt/gcc-arm-none-eabi-7-2018-q2-update/bin/../lib/gcc/arm-none-eabi/7.3.1/../../../../arm-none-eabi/lib/thumb/v7-m/libc_nano.a(lib_a-nano-mallocr.o)
                0x0000000008002a44                _malloc_r
 .text._sbrk_r  0x0000000008002af8       0x20 /opt/gcc-arm-none-eabi-7-2018-q2-update/bin/../lib/gcc/arm-none-eabi/7.3.1/../../../../arm-none-eabi/lib/thumb/v7-m/libc_nano.a(lib_a-sbrkr.o)
                0x0000000008002af8                _sbrk_r
 .text.__locale_ctype_ptr_l
                0x0000000008002b18        0x6 /opt/gcc-arm-none-eabi-7-2018-q2-update/bin/../lib/gcc/arm-none-eabi/7.3.1/../../../../arm-none-eabi/lib/thumb/v7-m/libc_nano.a(lib_a-locale.o)
                0x0000000008002b18                __locale_ctype_ptr_l
 *fill*         0x0000000008002b1e        0x2 
 .text.__locale_ctype_ptr
                0x0000000008002b20       0x1c /opt/gcc-arm-none-eabi-7-2018-q2-update/bin/../lib/gcc/arm-none-eabi/7.3.1/../../../../arm-none-eabi/lib/thumb/v7-m/libc_nano.a(lib_a-locale.o)
                0x0000000008002b20                __locale_ctype_ptr
 .text.__ascii_mbtowc
                0x0000000008002b3c       0x24 /opt/gcc-arm-none-eabi-7-2018-q2-update/bin/../lib/gcc/arm-none-eabi/7.3.1/../../../../arm-none-eabi/lib/thumb/v7-m/libc_nano.a(lib_a-mbtowc_r.o)
                0x0000000008002b3c                __ascii_mbtowc
 .text.__malloc_lock
                0x0000000008002b60        0x2 /opt/gcc-arm-none-eabi-7-2018-q2-update/bin/../lib/gcc/arm-none-eabi/7.3.1/../../../../arm-none-eabi/lib/thumb/v7-m/libc_nano.a(lib_a-mlock.o)
                0x0000000008002b60                __malloc_lock
 .text.__malloc_unlock
                0x0000000008002b62        0x2 /opt/gcc-arm-none-eabi-7-2018-q2-update/bin/../lib/gcc/arm-none-eabi/7.3.1/../../../../arm-none-eabi/lib/thumb/v7-m/libc_nano.a(lib_a-mlock.o)
                0x0000000008002b62                __malloc_unlock
 .text.__ascii_wctomb
                0x0000000008002b64       0x1a /opt/gcc-arm-none-eabi-7-2018-q2-update/bin/../lib/gcc/arm-none-eabi/7.3.1/../../../../arm-none-eabi/lib/thumb/v7-m/libc_nano.a(lib_a-wctomb_r.o)
                0x0000000008002b64                __ascii_wctomb
 *fill*         0x0000000008002b7e        0x2 
 .text.statinfo_task
                0x0000000008002b80        0xc build/obj_stm32-bluepill/main.o
 .text.startup.main
                0x0000000008002b8c      0x118 build/obj_stm32-bluepill/main.o
                0x0000000008002b8c                main
 .text.fanpwm_set
                0x0000000008002ca4       0xb0 build/obj_stm32-bluepill/fanpwm.o
                0x0000000008002ca4                fanpwm_set
 .text.fanpwm_init
                0x0000000008002d54       0x98 build/obj_stm32-bluepill/fanpwm.o
                0x0000000008002d54                fanpwm_init
 .text.console_cmd_usage
                0x0000000008002dec       0x44 build/obj_stm32-bluepill/console_cmd.o
 .text.console_cmd_uptime
                0x0000000008002e30       0x1c build/obj_stm32-bluepill/console_cmd.o
 .text.console_cmd_fanpwm
                0x0000000008002e4c       0x44 build/obj_stm32-bluepill/console_cmd.o
 .text.os_scheduler_schedule
                0x0000000008002e90       0x64 build/obj_stm32-bluepill/scheduler.o
                0x0000000008002e90                os_scheduler_schedule
 .text.os_scheduler_push_task
                0x0000000008002ef4       0xb8 build/obj_stm32-bluepill/scheduler.o
                0x0000000008002ef4                os_scheduler_push_task
 .text.os_timer_start
                0x0000000008002fac       0x48 build/obj_stm32-bluepill/timer.o
                0x0000000008002fac                os_timer_start
 .text.os_timer_stop
                0x0000000008002ff4       0x3c build/obj_stm32-bluepill/timer.o
                0x0000000008002ff4                os_timer_stop
 .text.hal_timer_cb
                0x0000000008003030       0x80 build/obj_stm32-bluepill/timer.o
                0x0000000008003030                hal_timer_cb
 .text.board_init
                0x00000000080030b0       0xc4 build/obj_stm32-bluepill/board.o
                0x00000000080030b0                board_init
 .text.SystemInit
                0x0000000008003174       0x50 build/obj_stm32-bluepill/system_stm32f1xx.o
                0x0000000008003174                SystemInit
 .text.HAL_MspInit
                0x00000000080031c4        0x4 build/obj_stm32-bluepill/stm32f1xx_hal.o
                0x00000000080031c4                HAL_MspInit
 .text.HAL_InitTick
                0x00000000080031c8       0x48 build/obj_stm32-bluepill/stm32f1xx_hal.o
                0x00000000080031c8                HAL_InitTick
 .text.HAL_Init
                0x0000000008003210       0x24 build/obj_stm32-bluepill/stm32f1xx_hal.o
                0x0000000008003210                HAL_Init
 .text.HAL_IncTick
                0x0000000008003234       0x18 build/obj_stm32-bluepill/stm32f1xx_hal.o
                0x0000000008003234                HAL_IncTick
 .text.HAL_GetTick
                0x000000000800324c        0xc build/obj_stm32-bluepill/stm32f1xx_hal.o
                0x000000000800324c                HAL_GetTick
 .text.HAL_NVIC_SetPriorityGrouping
                0x0000000008003258       0x24 build/obj_stm32-bluepill/stm32f1xx_hal_cortex.o
                0x0000000008003258                HAL_NVIC_SetPriorityGrouping
 .text.HAL_NVIC_SetPriority
                0x000000000800327c       0x6c build/obj_stm32-bluepill/stm32f1xx_hal_cortex.o
                0x000000000800327c                HAL_NVIC_SetPriority
 .text.HAL_NVIC_EnableIRQ
                0x00000000080032e8       0x1c build/obj_stm32-bluepill/stm32f1xx_hal_cortex.o
                0x00000000080032e8                HAL_NVIC_EnableIRQ
 .text.HAL_SYSTICK_Config
                0x0000000008003304       0x30 build/obj_stm32-bluepill/stm32f1xx_hal_cortex.o
                0x0000000008003304                HAL_SYSTICK_Config
 .text.HAL_SYSTICK_CLKSourceConfig
                0x0000000008003334       0x18 build/obj_stm32-bluepill/stm32f1xx_hal_cortex.o
                0x0000000008003334                HAL_SYSTICK_CLKSourceConfig
 .text.HAL_DMA_IRQHandler
                0x000000000800334c      0x138 build/obj_stm32-bluepill/stm32f1xx_hal_dma.o
                0x000000000800334c                HAL_DMA_IRQHandler
 .text.HAL_GPIO_Init
                0x0000000008003484      0x208 build/obj_stm32-bluepill/stm32f1xx_hal_gpio.o
                0x0000000008003484                HAL_GPIO_Init
 .text.HAL_GPIO_WritePin
                0x000000000800368c        0x8 build/obj_stm32-bluepill/stm32f1xx_hal_gpio.o
                0x000000000800368c                HAL_GPIO_WritePin
 .text.HAL_GPIO_TogglePin
                0x0000000008003694        0xc build/obj_stm32-bluepill/stm32f1xx_hal_gpio.o
                0x0000000008003694                HAL_GPIO_TogglePin
 .text.HAL_PCD_Init
                0x00000000080036a0       0xfc build/obj_stm32-bluepill/stm32f1xx_hal_pcd.o
                0x00000000080036a0                HAL_PCD_Init
 .text.HAL_PCD_Start
                0x000000000800379c       0x30 build/obj_stm32-bluepill/stm32f1xx_hal_pcd.o
                0x000000000800379c                HAL_PCD_Start
 .text.HAL_PCD_SetAddress
                0x00000000080037cc       0x28 build/obj_stm32-bluepill/stm32f1xx_hal_pcd.o
                0x00000000080037cc                HAL_PCD_SetAddress
 .text.HAL_PCD_EP_Open
                0x00000000080037f4       0x64 build/obj_stm32-bluepill/stm32f1xx_hal_pcd.o
                0x00000000080037f4                HAL_PCD_EP_Open
 .text.HAL_PCD_EP_Close
                0x0000000008003858       0x58 build/obj_stm32-bluepill/stm32f1xx_hal_pcd.o
                0x0000000008003858                HAL_PCD_EP_Close
 .text.HAL_PCD_EP_Receive
                0x00000000080038b0       0x30 build/obj_stm32-bluepill/stm32f1xx_hal_pcd.o
                0x00000000080038b0                HAL_PCD_EP_Receive
 .text.HAL_PCD_EP_GetRxCount
                0x00000000080038e0       0x10 build/obj_stm32-bluepill/stm32f1xx_hal_pcd.o
                0x00000000080038e0                HAL_PCD_EP_GetRxCount
 .text.HAL_PCD_EP_Transmit
                0x00000000080038f0       0x2c build/obj_stm32-bluepill/stm32f1xx_hal_pcd.o
                0x00000000080038f0                HAL_PCD_EP_Transmit
 .text.HAL_PCD_IRQHandler
                0x000000000800391c      0x4a4 build/obj_stm32-bluepill/stm32f1xx_hal_pcd.o
                0x000000000800391c                HAL_PCD_IRQHandler
 .text.HAL_PCD_EP_SetStall
                0x0000000008003dc0       0x78 build/obj_stm32-bluepill/stm32f1xx_hal_pcd.o
                0x0000000008003dc0                HAL_PCD_EP_SetStall
 .text.HAL_PCD_EP_ClrStall
                0x0000000008003e38       0x70 build/obj_stm32-bluepill/stm32f1xx_hal_pcd.o
                0x0000000008003e38                HAL_PCD_EP_ClrStall
 .text.HAL_PCDEx_PMAConfig
                0x0000000008003ea8       0x38 build/obj_stm32-bluepill/stm32f1xx_hal_pcd_ex.o
                0x0000000008003ea8                HAL_PCDEx_PMAConfig
 .text.HAL_RCC_OscConfig
                0x0000000008003ee0      0x3f0 build/obj_stm32-bluepill/stm32f1xx_hal_rcc.o
                0x0000000008003ee0                HAL_RCC_OscConfig
 .text.HAL_RCC_GetSysClockFreq
                0x00000000080042d0       0x6c build/obj_stm32-bluepill/stm32f1xx_hal_rcc.o
                0x00000000080042d0                HAL_RCC_GetSysClockFreq
 .text.HAL_RCC_ClockConfig
                0x000000000800433c      0x144 build/obj_stm32-bluepill/stm32f1xx_hal_rcc.o
                0x000000000800433c                HAL_RCC_ClockConfig
 .text.HAL_RCC_GetHCLKFreq
                0x0000000008004480        0xc build/obj_stm32-bluepill/stm32f1xx_hal_rcc.o
                0x0000000008004480                HAL_RCC_GetHCLKFreq
 .text.HAL_RCC_GetPCLK1Freq
                0x000000000800448c       0x20 build/obj_stm32-bluepill/stm32f1xx_hal_rcc.o
                0x000000000800448c                HAL_RCC_GetPCLK1Freq
 .text.HAL_RCC_GetPCLK2Freq
                0x00000000080044ac       0x20 build/obj_stm32-bluepill/stm32f1xx_hal_rcc.o
                0x00000000080044ac                HAL_RCC_GetPCLK2Freq
 .text.HAL_RCCEx_PeriphCLKConfig
                0x00000000080044cc      0x104 build/obj_stm32-bluepill/stm32f1xx_hal_rcc_ex.o
                0x00000000080044cc                HAL_RCCEx_PeriphCLKConfig
 .text.TIM_OC1_SetConfig
                0x00000000080045d0       0x54 build/obj_stm32-bluepill/stm32f1xx_hal_tim.o
 .text.TIM_OC3_SetConfig
                0x0000000008004624       0x5c build/obj_stm32-bluepill/stm32f1xx_hal_tim.o
 .text.TIM_OC4_SetConfig
                0x0000000008004680       0x48 build/obj_stm32-bluepill/stm32f1xx_hal_tim.o
 .text.HAL_TIM_OC_Start
                0x00000000080046c8       0x4c build/obj_stm32-bluepill/stm32f1xx_hal_tim.o
                0x00000000080046c8                HAL_TIM_OC_Start
 .text.HAL_TIM_PWM_MspInit
                0x0000000008004714        0x4 build/obj_stm32-bluepill/stm32f1xx_hal_tim.o
                0x0000000008004714                HAL_TIM_PWM_MspInit
 .text.HAL_TIM_PWM_Start
                0x0000000008004718        0x4 build/obj_stm32-bluepill/stm32f1xx_hal_tim.o
                0x0000000008004718                HAL_TIM_PWM_Start
 .text.HAL_TIM_PWM_Stop
                0x000000000800471c       0x70 build/obj_stm32-bluepill/stm32f1xx_hal_tim.o
                0x000000000800471c                HAL_TIM_PWM_Stop
 .text.TIM_Base_SetConfig
                0x000000000800478c       0x7c build/obj_stm32-bluepill/stm32f1xx_hal_tim.o
                0x000000000800478c                TIM_Base_SetConfig
 .text.HAL_TIM_PWM_Init
                0x0000000008004808       0x38 build/obj_stm32-bluepill/stm32f1xx_hal_tim.o
                0x0000000008004808                HAL_TIM_PWM_Init
 .text.TIM_OC2_SetConfig
                0x0000000008004840       0x5c build/obj_stm32-bluepill/stm32f1xx_hal_tim.o
                0x0000000008004840                TIM_OC2_SetConfig
 .text.HAL_TIM_PWM_ConfigChannel
                0x000000000800489c      0x108 build/obj_stm32-bluepill/stm32f1xx_hal_tim.o
                0x000000000800489c                HAL_TIM_PWM_ConfigChannel
 .text.HAL_TIMEx_MasterConfigSynchronization
                0x00000000080049a4       0x48 build/obj_stm32-bluepill/stm32f1xx_hal_tim_ex.o
                0x00000000080049a4                HAL_TIMEx_MasterConfigSynchronization
 .text.UART_SetConfig
                0x00000000080049ec       0x88 build/obj_stm32-bluepill/stm32f1xx_hal_uart.o
 .text.HAL_UART_MspInit
                0x0000000008004a74        0x4 build/obj_stm32-bluepill/stm32f1xx_hal_uart.o
                0x0000000008004a74                HAL_UART_MspInit
 .text.HAL_UART_Init
                0x0000000008004a78       0x64 build/obj_stm32-bluepill/stm32f1xx_hal_uart.o
                0x0000000008004a78                HAL_UART_Init
 .text.USB_CoreInit
                0x0000000008004adc       0x10 build/obj_stm32-bluepill/stm32f1xx_ll_usb.o
                0x0000000008004adc                USB_CoreInit
 .text.USB_EnableGlobalInt
                0x0000000008004aec       0x14 build/obj_stm32-bluepill/stm32f1xx_ll_usb.o
                0x0000000008004aec                USB_EnableGlobalInt
 .text.USB_DisableGlobalInt
                0x0000000008004b00       0x14 build/obj_stm32-bluepill/stm32f1xx_ll_usb.o
                0x0000000008004b00                USB_DisableGlobalInt
 .text.USB_SetCurrentMode
                0x0000000008004b14        0x4 build/obj_stm32-bluepill/stm32f1xx_ll_usb.o
                0x0000000008004b14                USB_SetCurrentMode
 .text.USB_DevInit
                0x0000000008004b18       0x34 build/obj_stm32-bluepill/stm32f1xx_ll_usb.o
                0x0000000008004b18                USB_DevInit
 .text.USB_ActivateEndpoint
                0x0000000008004b4c      0x310 build/obj_stm32-bluepill/stm32f1xx_ll_usb.o
                0x0000000008004b4c                USB_ActivateEndpoint
 .text.USB_DeactivateEndpoint
                0x0000000008004e5c      0x1ac build/obj_stm32-bluepill/stm32f1xx_ll_usb.o
                0x0000000008004e5c                USB_DeactivateEndpoint
 .text.USB_EPStartXfer
                0x0000000008005008      0x25c build/obj_stm32-bluepill/stm32f1xx_ll_usb.o
                0x0000000008005008                USB_EPStartXfer
 .text.USB_EPSetStall
                0x0000000008005264       0x44 build/obj_stm32-bluepill/stm32f1xx_ll_usb.o
                0x0000000008005264                USB_EPSetStall
 .text.USB_EPClearStall
                0x00000000080052a8       0xa8 build/obj_stm32-bluepill/stm32f1xx_ll_usb.o
                0x00000000080052a8                USB_EPClearStall
 .text.USB_SetDevAddress
                0x0000000008005350        0xc build/obj_stm32-bluepill/stm32f1xx_ll_usb.o
                0x0000000008005350                USB_SetDevAddress
 .text.USB_DevConnect
                0x000000000800535c        0x4 build/obj_stm32-bluepill/stm32f1xx_ll_usb.o
                0x000000000800535c                USB_DevConnect
 .text.USB_DevDisconnect
                0x0000000008005360        0x4 build/obj_stm32-bluepill/stm32f1xx_ll_usb.o
                0x0000000008005360                USB_DevDisconnect
 .text.USB_ReadInterrupts
                0x0000000008005364        0x8 build/obj_stm32-bluepill/stm32f1xx_ll_usb.o
                0x0000000008005364                USB_ReadInterrupts
 .text.USB_EP0_OutStart
                0x000000000800536c        0x4 build/obj_stm32-bluepill/stm32f1xx_ll_usb.o
                0x000000000800536c                USB_EP0_OutStart
 .text.USB_ReadPMA
                0x0000000008005370       0x4c build/obj_stm32-bluepill/stm32f1xx_ll_usb.o
                0x0000000008005370                USB_ReadPMA
 .text.hal_console_init
                0x00000000080053bc       0x78 build/obj_stm32-bluepill/hal_console.o
                0x00000000080053bc                hal_console_init
 .text.hal_console_putchar
                0x0000000008005434       0x14 build/obj_stm32-bluepill/hal_console.o
                0x0000000008005434                hal_console_putchar
 .text.hal_console_flush
                0x0000000008005448        0x4 build/obj_stm32-bluepill/hal_console.o
                0x0000000008005448                hal_console_flush
 .text.hal_time_init
                0x000000000800544c       0x2c build/obj_stm32-bluepill/hal_time.o
                0x000000000800544c                hal_time_init
 .text.hal_time_ms
                0x0000000008005478        0xc build/obj_stm32-bluepill/hal_time.o
                0x0000000008005478                hal_time_ms
 .text.hal_delay_ms
                0x0000000008005484       0x30 build/obj_stm32-bluepill/hal_time.o
                0x0000000008005484                hal_delay_ms
 .text.SysTick_Handler
                0x00000000080054b4       0x10 build/obj_stm32-bluepill/hal_time.o
                0x00000000080054b4                SysTick_Handler
 .text.hal_gpio_init
                0x00000000080054c4       0x60 build/obj_stm32-bluepill/hal_gpio.o
                0x00000000080054c4                hal_gpio_init
 .text.hal_gpio_set
                0x0000000008005524       0x90 build/obj_stm32-bluepill/hal_gpio.o
                0x0000000008005524                hal_gpio_set
 .text.hal_gpio_toggle
                0x00000000080055b4       0x90 build/obj_stm32-bluepill/hal_gpio.o
                0x00000000080055b4                hal_gpio_toggle
 .text.EXTI4_IRQHandler
                0x0000000008005644       0x20 build/obj_stm32-bluepill/hal_gpio.o
                0x0000000008005644                EXTI4_IRQHandler
 .text.DMA1_Channel2_IRQHandler
                0x0000000008005664        0xc build/obj_stm32-bluepill/hal_spi.o
                0x0000000008005664                DMA1_Channel2_IRQHandler
 .text.hal_usbserial_init
                0x0000000008005670       0x74 build/obj_stm32-bluepill/hal_usbserial.o
                0x0000000008005670                hal_usbserial_init
 .text.hal_usbserial_putchar
                0x00000000080056e4       0x1c build/obj_stm32-bluepill/hal_usbserial.o
                0x00000000080056e4                hal_usbserial_putchar
 .text.hal_usbserial_getchar
                0x0000000008005700       0x20 build/obj_stm32-bluepill/hal_usbserial.o
                0x0000000008005700                hal_usbserial_getchar
 .text.USBD_Init
                0x0000000008005720       0x2c build/obj_stm32-bluepill/usbd_core.o
                0x0000000008005720                USBD_Init
 .text.USBD_RegisterClass
                0x000000000800574c       0x10 build/obj_stm32-bluepill/usbd_core.o
                0x000000000800574c                USBD_RegisterClass
 .text.USBD_Start
                0x000000000800575c        0xc build/obj_stm32-bluepill/usbd_core.o
                0x000000000800575c                USBD_Start
 .text.USBD_SetClassConfig
                0x0000000008005768       0x14 build/obj_stm32-bluepill/usbd_core.o
                0x0000000008005768                USBD_SetClassConfig
 .text.USBD_ClrClassConfig
                0x000000000800577c       0x10 build/obj_stm32-bluepill/usbd_core.o
                0x000000000800577c                USBD_ClrClassConfig
 .text.USBD_LL_SetupStage
                0x000000000800578c       0x60 build/obj_stm32-bluepill/usbd_core.o
                0x000000000800578c                USBD_LL_SetupStage
 .text.USBD_LL_DataOutStage
                0x00000000080057ec       0x6c build/obj_stm32-bluepill/usbd_core.o
                0x00000000080057ec                USBD_LL_DataOutStage
 .text.USBD_LL_DataInStage
                0x0000000008005858       0xac build/obj_stm32-bluepill/usbd_core.o
                0x0000000008005858                USBD_LL_DataInStage
 .text.USBD_LL_Reset
                0x0000000008005904       0x40 build/obj_stm32-bluepill/usbd_core.o
                0x0000000008005904                USBD_LL_Reset
 .text.USBD_LL_SetSpeed
                0x0000000008005944        0x8 build/obj_stm32-bluepill/usbd_core.o
                0x0000000008005944                USBD_LL_SetSpeed
 .text.USBD_LL_Suspend
                0x000000000800594c       0x14 build/obj_stm32-bluepill/usbd_core.o
                0x000000000800594c                USBD_LL_Suspend
 .text.USBD_LL_Resume
                0x0000000008005960       0x10 build/obj_stm32-bluepill/usbd_core.o
                0x0000000008005960                USBD_LL_Resume
 .text.USBD_LL_SOF
                0x0000000008005970       0x1c build/obj_stm32-bluepill/usbd_core.o
                0x0000000008005970                USBD_LL_SOF
 .text.USBD_StdDevReq
                0x000000000800598c      0x294 build/obj_stm32-bluepill/usbd_ctlreq.o
                0x000000000800598c                USBD_StdDevReq
 .text.USBD_StdItfReq
                0x0000000008005c20       0x40 build/obj_stm32-bluepill/usbd_ctlreq.o
                0x0000000008005c20                USBD_StdItfReq
 .text.USBD_StdEPReq
                0x0000000008005c60       0xcc build/obj_stm32-bluepill/usbd_ctlreq.o
                0x0000000008005c60                USBD_StdEPReq
 .text.USBD_ParseSetupRequest
                0x0000000008005d2c       0x28 build/obj_stm32-bluepill/usbd_ctlreq.o
                0x0000000008005d2c                USBD_ParseSetupRequest
 .text.USBD_GetString
                0x0000000008005d54       0x50 build/obj_stm32-bluepill/usbd_ctlreq.o
                0x0000000008005d54                USBD_GetString
 .text.USBD_CtlSendData
                0x0000000008005da4       0x1c build/obj_stm32-bluepill/usbd_ioreq.o
                0x0000000008005da4                USBD_CtlSendData
 .text.USBD_CtlContinueSendData
                0x0000000008005dc0       0x10 build/obj_stm32-bluepill/usbd_ioreq.o
                0x0000000008005dc0                USBD_CtlContinueSendData
 .text.USBD_CtlPrepareRx
                0x0000000008005dd0       0x20 build/obj_stm32-bluepill/usbd_ioreq.o
                0x0000000008005dd0                USBD_CtlPrepareRx
 .text.USBD_CtlContinueRx
                0x0000000008005df0       0x10 build/obj_stm32-bluepill/usbd_ioreq.o
                0x0000000008005df0                USBD_CtlContinueRx
 .text.USBD_CtlSendStatus
                0x0000000008005e00       0x18 build/obj_stm32-bluepill/usbd_ioreq.o
                0x0000000008005e00                USBD_CtlSendStatus
 .text.USBD_CtlReceiveStatus
                0x0000000008005e18       0x18 build/obj_stm32-bluepill/usbd_ioreq.o
                0x0000000008005e18                USBD_CtlReceiveStatus
 .text.HAL_PCD_MspInit
                0x0000000008005e30       0x40 build/obj_stm32-bluepill/usbd_conf.o
                0x0000000008005e30                HAL_PCD_MspInit
 .text.HAL_PCD_SetupStageCallback
                0x0000000008005e70        0xc build/obj_stm32-bluepill/usbd_conf.o
                0x0000000008005e70                HAL_PCD_SetupStageCallback
 .text.HAL_PCD_DataOutStageCallback
                0x0000000008005e7c       0x10 build/obj_stm32-bluepill/usbd_conf.o
                0x0000000008005e7c                HAL_PCD_DataOutStageCallback
 .text.HAL_PCD_DataInStageCallback
                0x0000000008005e8c       0x10 build/obj_stm32-bluepill/usbd_conf.o
                0x0000000008005e8c                HAL_PCD_DataInStageCallback
 .text.HAL_PCD_SOFCallback
                0x0000000008005e9c        0x8 build/obj_stm32-bluepill/usbd_conf.o
                0x0000000008005e9c                HAL_PCD_SOFCallback
 .text.HAL_PCD_ResetCallback
                0x0000000008005ea4       0x1c build/obj_stm32-bluepill/usbd_conf.o
                0x0000000008005ea4                HAL_PCD_ResetCallback
 .text.HAL_PCD_SuspendCallback
                0x0000000008005ec0       0x20 build/obj_stm32-bluepill/usbd_conf.o
                0x0000000008005ec0                HAL_PCD_SuspendCallback
 .text.HAL_PCD_ResumeCallback
                0x0000000008005ee0        0x8 build/obj_stm32-bluepill/usbd_conf.o
                0x0000000008005ee0                HAL_PCD_ResumeCallback
 .text.USBD_LL_Init
                0x0000000008005ee8       0x84 build/obj_stm32-bluepill/usbd_conf.o
                0x0000000008005ee8                USBD_LL_Init
 .text.USBD_LL_Start
                0x0000000008005f6c       0x10 build/obj_stm32-bluepill/usbd_conf.o
                0x0000000008005f6c                USBD_LL_Start
 .text.USBD_LL_OpenEP
                0x0000000008005f7c       0x14 build/obj_stm32-bluepill/usbd_conf.o
                0x0000000008005f7c                USBD_LL_OpenEP
 .text.USBD_LL_CloseEP
                0x0000000008005f90       0x10 build/obj_stm32-bluepill/usbd_conf.o
                0x0000000008005f90                USBD_LL_CloseEP
 .text.USBD_LL_StallEP
                0x0000000008005fa0       0x10 build/obj_stm32-bluepill/usbd_conf.o
                0x0000000008005fa0                USBD_LL_StallEP
 .text.USBD_LL_ClearStallEP
                0x0000000008005fb0       0x10 build/obj_stm32-bluepill/usbd_conf.o
                0x0000000008005fb0                USBD_LL_ClearStallEP
 .text.USBD_LL_IsStallEP
                0x0000000008005fc0       0x20 build/obj_stm32-bluepill/usbd_conf.o
                0x0000000008005fc0                USBD_LL_IsStallEP
 .text.USBD_LL_SetUSBAddress
                0x0000000008005fe0       0x10 build/obj_stm32-bluepill/usbd_conf.o
                0x0000000008005fe0                USBD_LL_SetUSBAddress
 .text.USBD_LL_Transmit
                0x0000000008005ff0       0x10 build/obj_stm32-bluepill/usbd_conf.o
                0x0000000008005ff0                USBD_LL_Transmit
 .text.USBD_LL_PrepareReceive
                0x0000000008006000       0x10 build/obj_stm32-bluepill/usbd_conf.o
                0x0000000008006000                USBD_LL_PrepareReceive
 .text.USBD_LL_GetRxDataSize
                0x0000000008006010        0x8 build/obj_stm32-bluepill/usbd_conf.o
                0x0000000008006010                USBD_LL_GetRxDataSize
 .text.USBD_static_malloc
                0x0000000008006018        0x8 build/obj_stm32-bluepill/usbd_conf.o
                0x0000000008006018                USBD_static_malloc
 .text.USBD_static_free
                0x0000000008006020        0x4 build/obj_stm32-bluepill/usbd_conf.o
                0x0000000008006020                USBD_static_free
 .text.HAL_PCDEx_SetConnectionState
                0x0000000008006024        0x4 build/obj_stm32-bluepill/usbd_conf.o
                0x0000000008006024                HAL_PCDEx_SetConnectionState
 .text.USB_LP_CAN1_RX0_IRQHandler
                0x0000000008006028        0xc build/obj_stm32-bluepill/usbd_conf.o
                0x0000000008006028                USB_LP_CAN1_RX0_IRQHandler
 .text.USBD_FS_DeviceDescriptor
                0x0000000008006034        0xc build/obj_stm32-bluepill/usbd_desc.o
                0x0000000008006034                USBD_FS_DeviceDescriptor
 .text.USBD_FS_LangIDStrDescriptor
                0x0000000008006040        0xc build/obj_stm32-bluepill/usbd_desc.o
                0x0000000008006040                USBD_FS_LangIDStrDescriptor
 .text.USBD_FS_ManufacturerStrDescriptor
                0x000000000800604c       0x1c build/obj_stm32-bluepill/usbd_desc.o
                0x000000000800604c                USBD_FS_ManufacturerStrDescriptor
 .text.USBD_FS_ProductStrDescriptor
                0x0000000008006068       0x1c build/obj_stm32-bluepill/usbd_desc.o
                0x0000000008006068                USBD_FS_ProductStrDescriptor
 .text.USBD_FS_SerialStrDescriptor
                0x0000000008006084       0x1c build/obj_stm32-bluepill/usbd_desc.o
                0x0000000008006084                USBD_FS_SerialStrDescriptor
 .text.USBD_FS_ConfigStrDescriptor
                0x00000000080060a0       0x1c build/obj_stm32-bluepill/usbd_desc.o
                0x00000000080060a0                USBD_FS_ConfigStrDescriptor
 .text.USBD_FS_InterfaceStrDescriptor
                0x00000000080060bc       0x1c build/obj_stm32-bluepill/usbd_desc.o
                0x00000000080060bc                USBD_FS_InterfaceStrDescriptor
 .text.usb_device_init
                0x00000000080060d8      0x100 build/obj_stm32-bluepill/usb_device.o
                0x00000000080060d8                usb_device_init
 .text.USBD_CDC_DataIn
                0x00000000080061d8       0x14 build/obj_stm32-bluepill/usbd_cdc.o
 .text.USBD_CDC_EP0_RxReady
                0x00000000080061ec       0x2c build/obj_stm32-bluepill/usbd_cdc.o
 .text.USBD_CDC_GetFSCfgDesc
                0x0000000008006218        0xc build/obj_stm32-bluepill/usbd_cdc.o
 .text.USBD_CDC_GetHSCfgDesc
                0x0000000008006224        0xc build/obj_stm32-bluepill/usbd_cdc.o
 .text.USBD_CDC_GetOtherSpeedCfgDesc
                0x0000000008006230        0xc build/obj_stm32-bluepill/usbd_cdc.o
 .text.USBD_CDC_GetDeviceQualifierDescriptor
                0x000000000800623c        0xc build/obj_stm32-bluepill/usbd_cdc.o
                0x000000000800623c                USBD_CDC_GetDeviceQualifierDescriptor
 .text.USBD_CDC_DataOut
                0x0000000008006248       0x30 build/obj_stm32-bluepill/usbd_cdc.o
 .text.USBD_CDC_Setup
                0x0000000008006278       0x70 build/obj_stm32-bluepill/usbd_cdc.o
 .text.USBD_CDC_DeInit
                0x00000000080062e8       0x3c build/obj_stm32-bluepill/usbd_cdc.o
 .text.USBD_CDC_Init
                0x0000000008006324       0x90 build/obj_stm32-bluepill/usbd_cdc.o
 .text.USBD_CDC_RegisterInterface
                0x00000000080063b4       0x10 build/obj_stm32-bluepill/usbd_cdc.o
                0x00000000080063b4                USBD_CDC_RegisterInterface
 .text.USBD_CDC_SetTxBuffer
                0x00000000080063c4       0x10 build/obj_stm32-bluepill/usbd_cdc.o
                0x00000000080063c4                USBD_CDC_SetTxBuffer
 .text.USBD_CDC_SetRxBuffer
                0x00000000080063d4        0xc build/obj_stm32-bluepill/usbd_cdc.o
                0x00000000080063d4                USBD_CDC_SetRxBuffer
 .text.USBD_CDC_TransmitPacket
                0x00000000080063e0       0x30 build/obj_stm32-bluepill/usbd_cdc.o
                0x00000000080063e0                USBD_CDC_TransmitPacket
 .text.USBD_CDC_ReceivePacket
                0x0000000008006410       0x30 build/obj_stm32-bluepill/usbd_cdc.o
                0x0000000008006410                USBD_CDC_ReceivePacket
 .text.CDC_DeInit_FS
                0x0000000008006440        0x4 build/obj_stm32-bluepill/usbd_cdc_if.o
 .text.CDC_Control_FS
                0x0000000008006444        0x4 build/obj_stm32-bluepill/usbd_cdc_if.o
 .text.CDC_Receive_FS
                0x0000000008006448       0x94 build/obj_stm32-bluepill/usbd_cdc_if.o
 .text.CDC_Init_FS
                0x00000000080064dc       0x68 build/obj_stm32-bluepill/usbd_cdc_if.o
 .text.CDC_Receive
                0x0000000008006544       0x70 build/obj_stm32-bluepill/usbd_cdc_if.o
                0x0000000008006544                CDC_Receive
 .text.CDC_Transmit
                0x00000000080065b4       0x34 build/obj_stm32-bluepill/usbd_cdc_if.o
                0x00000000080065b4                CDC_Transmit
 .text.Reset_Handler
                0x00000000080065e8       0x44 build/obj_stm32-bluepill/startup_stm32f103xb.o
                0x00000000080065e8                Reset_Handler
 .text.Default_Handler
                0x000000000800662c        0x2 build/obj_stm32-bluepill/startup_stm32f103xb.o
                0x000000000800662c                RTC_Alarm_IRQHandler
                0x000000000800662c                EXTI2_IRQHandler
                0x000000000800662c                DebugMon_Handler
                0x000000000800662c                TIM1_CC_IRQHandler
                0x000000000800662c                HardFault_Handler
                0x000000000800662c                PVD_IRQHandler
                0x000000000800662c                PendSV_Handler
                0x000000000800662c                NMI_Handler
                0x000000000800662c                EXTI3_IRQHandler
                0x000000000800662c                EXTI0_IRQHandler
                0x000000000800662c                I2C2_EV_IRQHandler
                0x000000000800662c                UsageFault_Handler
                0x000000000800662c                ADC1_2_IRQHandler
                0x000000000800662c                SPI1_IRQHandler
                0x000000000800662c                TAMPER_IRQHandler
                0x000000000800662c                DMA1_Channel4_IRQHandler
                0x000000000800662c                USART3_IRQHandler
                0x000000000800662c                RTC_IRQHandler
                0x000000000800662c                DMA1_Channel7_IRQHandler
                0x000000000800662c                CAN1_RX1_IRQHandler
                0x000000000800662c                TIM4_IRQHandler
                0x000000000800662c                I2C1_EV_IRQHandler
                0x000000000800662c                DMA1_Channel6_IRQHandler
                0x000000000800662c                TIM3_IRQHandler
                0x000000000800662c                RCC_IRQHandler
                0x000000000800662c                TIM1_TRG_COM_IRQHandler
                0x000000000800662c                DMA1_Channel1_IRQHandler
                0x000000000800662c                Default_Handler
                0x000000000800662c                EXTI15_10_IRQHandler
                0x000000000800662c                EXTI9_5_IRQHandler
                0x000000000800662c                SPI2_IRQHandler
                0x000000000800662c                MemManage_Handler
                0x000000000800662c                SVC_Handler
                0x000000000800662c                DMA1_Channel5_IRQHandler
                0x000000000800662c                USB_HP_CAN1_TX_IRQHandler
                0x000000000800662c                DMA1_Channel3_IRQHandler
                0x000000000800662c                TIM1_UP_IRQHandler
                0x000000000800662c                WWDG_IRQHandler
                0x000000000800662c                TIM2_IRQHandler
                0x000000000800662c                TIM1_BRK_IRQHandler
                0x000000000800662c                EXTI1_IRQHandler
                0x000000000800662c                USART2_IRQHandler
                0x000000000800662c                I2C2_ER_IRQHandler
                0x000000000800662c                CAN1_SCE_IRQHandler
                0x000000000800662c                FLASH_IRQHandler
                0x000000000800662c                BusFault_Handler
                0x000000000800662c                USART1_IRQHandler
                0x000000000800662c                I2C1_ER_IRQHandler
                0x000000000800662c                USBWakeUp_IRQHandler
 *fill*         0x000000000800662e        0x2 
 .text.console_send_int.isra.0
                0x0000000008006630       0x60 build/obj_stm32-bluepill/console.o
 .text.console_init
                0x0000000008006690       0x30 build/obj_stm32-bluepill/console.o
                0x0000000008006690                console_init
 .text.console_printf
                0x00000000080066c0      0x120 build/obj_stm32-bluepill/console.o
                0x00000000080066c0                console_printf
 .text.console_task
                0x00000000080067e0      0x198 build/obj_stm32-bluepill/console.o
                0x00000000080067e0                console_task
 .text.skip_atoi
                0x0000000008006978       0x2c build/obj_stm32-bluepill/trace.o
 *fill*         0x00000000080069a4        0x4 
 .text.trace_cvt
                0x00000000080069a8      0x228 build/obj_stm32-bluepill/trace.o
 .text.flt      0x0000000008006bd0      0x50c build/obj_stm32-bluepill/trace.o
 .text.number   0x00000000080070dc      0x21c build/obj_stm32-bluepill/trace.o
 .text.trace_printf
                0x00000000080072f8      0x450 build/obj_stm32-bluepill/trace.o
                0x00000000080072f8                trace_printf
 .text.trace_uptime
                0x0000000008007748       0x18 build/obj_stm32-bluepill/trace.o
                0x0000000008007748                trace_uptime
 .text.time2str
                0x0000000008007760       0xb8 build/obj_stm32-bluepill/utils.o
                0x0000000008007760                time2str
 .text.led_timer_duty_callback
                0x0000000008007818        0xc build/obj_stm32-bluepill/hal_led.o
 .text.led_timer_period_callback
                0x0000000008007824       0x38 build/obj_stm32-bluepill/hal_led.o
 .text.hal_led_toggle
                0x000000000800785c       0x50 build/obj_stm32-bluepill/hal_led.o
                0x000000000800785c                hal_led_toggle
 .text.hal_led_blink
                0x00000000080078ac       0xac build/obj_stm32-bluepill/hal_led.o
                0x00000000080078ac                hal_led_blink
 .text.atoi     0x0000000008007958        0x8 /opt/gcc-arm-none-eabi-7-2018-q2-update/bin/../lib/gcc/arm-none-eabi/7.3.1/../../../../arm-none-eabi/lib/thumb/v7-m/libc_nano.a(lib_a-atoi.o)
                0x0000000008007958                atoi
 .text.modf     0x0000000008007960       0x94 /opt/gcc-arm-none-eabi-7-2018-q2-update/bin/../lib/gcc/arm-none-eabi/7.3.1/../../../../arm-none-eabi/lib/thumb/v7-m/libc_nano.a(lib_a-s_modf.o)
                0x0000000008007960                modf
 .text.snprintf
                0x00000000080079f4       0x68 /opt/gcc-arm-none-eabi-7-2018-q2-update/bin/../lib/gcc/arm-none-eabi/7.3.1/../../../../arm-none-eabi/lib/thumb/v7-m/libc_nano.a(lib_a-snprintf.o)
                0x00000000080079f4                snprintf
                0x00000000080079f4                sniprintf
 .text.strnlen  0x0000000008007a5c       0x18 /opt/gcc-arm-none-eabi-7-2018-q2-update/bin/../lib/gcc/arm-none-eabi/7.3.1/../../../../arm-none-eabi/lib/thumb/v7-m/libc_nano.a(lib_a-strnlen.o)
                0x0000000008007a5c                strnlen
 .text._strtol_l.isra.0
                0x0000000008007a74       0xf6 /opt/gcc-arm-none-eabi-7-2018-q2-update/bin/../lib/gcc/arm-none-eabi/7.3.1/../../../../arm-none-eabi/lib/thumb/v7-m/libc_nano.a(lib_a-strtol.o)
 *fill*         0x0000000008007b6a        0x2 
 .text.strtol   0x0000000008007b6c       0x2c /opt/gcc-arm-none-eabi-7-2018-q2-update/bin/../lib/gcc/arm-none-eabi/7.3.1/../../../../arm-none-eabi/lib/thumb/v7-m/libc_nano.a(lib_a-strtol.o)
                0x0000000008007b6c                strtol
 .text.__ssputs_r
                0x0000000008007b98       0xb4 /opt/gcc-arm-none-eabi-7-2018-q2-update/bin/../lib/gcc/arm-none-eabi/7.3.1/../../../../arm-none-eabi/lib/thumb/v7-m/libc_nano.a(lib_a-nano-svfprintf.o)
                0x0000000008007b98                __ssputs_r
 .text._svfprintf_r
                0x0000000008007c4c      0x1f0 /opt/gcc-arm-none-eabi-7-2018-q2-update/bin/../lib/gcc/arm-none-eabi/7.3.1/../../../../arm-none-eabi/lib/thumb/v7-m/libc_nano.a(lib_a-nano-svfprintf.o)
                0x0000000008007c4c                _svfprintf_r
                0x0000000008007c4c                _svfiprintf_r
 .text.memmove  0x0000000008007e3c       0x32 /opt/gcc-arm-none-eabi-7-2018-q2-update/bin/../lib/gcc/arm-none-eabi/7.3.1/../../../../arm-none-eabi/lib/thumb/v7-m/libc_nano.a(lib_a-memmove.o)
                0x0000000008007e3c                memmove
 .text._realloc_r
                0x0000000008007e6e       0x4c /opt/gcc-arm-none-eabi-7-2018-q2-update/bin/../lib/gcc/arm-none-eabi/7.3.1/../../../../arm-none-eabi/lib/thumb/v7-m/libc_nano.a(lib_a-nano-reallocr.o)
                0x0000000008007e6e                _realloc_r
 .text._malloc_usable_size_r
                0x0000000008007eba       0x10 /opt/gcc-arm-none-eabi-7-2018-q2-update/bin/../lib/gcc/arm-none-eabi/7.3.1/../../../../arm-none-eabi/lib/thumb/v7-m/libc_nano.a(lib_a-nano-msizer.o)
                0x0000000008007eba                _malloc_usable_size_r
 *fill*         0x0000000008007eca        0x2 
 .text._sbrk    0x0000000008007ecc       0x1c /opt/gcc-arm-none-eabi-7-2018-q2-update/bin/../lib/gcc/arm-none-eabi/7.3.1/../../../../arm-none-eabi/lib/thumb/v7-m/libnosys.a(sbrk.o)
                0x0000000008007ecc                _sbrk
 *(.glue_7)
 .glue_7        0x0000000008007ee8        0x0 linker stubs
 *(.glue_7t)
 .glue_7t       0x0000000008007ee8        0x0 linker stubs
 *(.eh_frame)
 .eh_frame      0x0000000008007ee8        0x0 /opt/gcc-arm-none-eabi-7-2018-q2-update/bin/../lib/gcc/arm-none-eabi/7.3.1/thumb/v7-m/crtbegin.o
 *(.init)
 .init          0x0000000008007ee8        0x4 /opt/gcc-arm-none-eabi-7-2018-q2-update/bin/../lib/gcc/arm-none-eabi/7.3.1/thumb/v7-m/crti.o
                0x0000000008007ee8                _init
 .init          0x0000000008007eec        0x8 /opt/gcc-arm-none-eabi-7-2018-q2-update/bin/../lib/gcc/arm-none-eabi/7.3.1/thumb/v7-m/crtn.o
 *(.fini)
 .fini          0x0000000008007ef4        0x4 /opt/gcc-arm-none-eabi-7-2018-q2-update/bin/../lib/gcc/arm-none-eabi/7.3.1/thumb/v7-m/crti.o
                0x0000000008007ef4                _fini
 .fini          0x0000000008007ef8        0x8 /opt/gcc-arm-none-eabi-7-2018-q2-update/bin/../lib/gcc/arm-none-eabi/7.3.1/thumb/v7-m/crtn.o
                0x0000000008007f00                . = ALIGN (0x4)
                0x0000000008007f00                _etext = .

.vfp11_veneer   0x0000000008007f00        0x0
 .vfp11_veneer  0x0000000008007f00        0x0 linker stubs

.v4_bx          0x0000000008007f00        0x0
 .v4_bx         0x0000000008007f00        0x0 linker stubs

.iplt           0x0000000008007f00        0x0
 .iplt          0x0000000008007f00        0x0 /opt/gcc-arm-none-eabi-7-2018-q2-update/bin/../lib/gcc/arm-none-eabi/7.3.1/thumb/v7-m/crtbegin.o

.rodata         0x0000000008007f00      0xbb8
                0x0000000008007f00                . = ALIGN (0x4)
 *(.rodata)
 .rodata        0x0000000008007f00       0x10 build/obj_stm32-bluepill/stm32f1xx_hal_rcc.o
 *(.rodata*)
 .rodata._printf_float.str1.1
                0x0000000008007f10       0x12 /opt/gcc-arm-none-eabi-7-2018-q2-update/bin/../lib/gcc/arm-none-eabi/7.3.1/../../../../arm-none-eabi/lib/thumb/v7-m/libc_nano.a(lib_a-nano-vfprintf_float.o)
 .rodata._printf_i.str1.1
                0x0000000008007f22       0x22 /opt/gcc-arm-none-eabi-7-2018-q2-update/bin/../lib/gcc/arm-none-eabi/7.3.1/../../../../arm-none-eabi/lib/thumb/v7-m/libc_nano.a(lib_a-nano-vfprintf_i.o)
 .rodata._dtoa_r.str1.1
                0x0000000008007f44        0xd /opt/gcc-arm-none-eabi-7-2018-q2-update/bin/../lib/gcc/arm-none-eabi/7.3.1/../../../../arm-none-eabi/lib/thumb/v7-m/libc_nano.a(lib_a-dtoa.o)
                                          0xf (size before relaxing)
 *fill*         0x0000000008007f51        0x7 
 .rodata.__mprec_bigtens
                0x0000000008007f58       0x28 /opt/gcc-arm-none-eabi-7-2018-q2-update/bin/../lib/gcc/arm-none-eabi/7.3.1/../../../../arm-none-eabi/lib/thumb/v7-m/libc_nano.a(lib_a-mprec.o)
                0x0000000008007f58                __mprec_bigtens
 .rodata.__mprec_tens
                0x0000000008007f80       0xc8 /opt/gcc-arm-none-eabi-7-2018-q2-update/bin/../lib/gcc/arm-none-eabi/7.3.1/../../../../arm-none-eabi/lib/thumb/v7-m/libc_nano.a(lib_a-mprec.o)
                0x0000000008007f80                __mprec_tens
 .rodata.p05.6084
                0x0000000008008048        0xc /opt/gcc-arm-none-eabi-7-2018-q2-update/bin/../lib/gcc/arm-none-eabi/7.3.1/../../../../arm-none-eabi/lib/thumb/v7-m/libc_nano.a(lib_a-mprec.o)
 .rodata._setlocale_r.str1.1
                0x0000000008008054        0x8 /opt/gcc-arm-none-eabi-7-2018-q2-update/bin/../lib/gcc/arm-none-eabi/7.3.1/../../../../arm-none-eabi/lib/thumb/v7-m/libc_nano.a(lib_a-locale.o)
                                          0x9 (size before relaxing)
 .rodata.str1.1
                0x000000000800805c        0x2 /opt/gcc-arm-none-eabi-7-2018-q2-update/bin/../lib/gcc/arm-none-eabi/7.3.1/../../../../arm-none-eabi/lib/thumb/v7-m/libc_nano.a(lib_a-locale.o)
 .rodata._ctype_
                0x000000000800805e      0x101 /opt/gcc-arm-none-eabi-7-2018-q2-update/bin/../lib/gcc/arm-none-eabi/7.3.1/../../../../arm-none-eabi/lib/thumb/v7-m/libc_nano.a(lib_a-ctype_.o)
                0x000000000800805e                _ctype_
 *fill*         0x000000000800815f        0x1 
 .rodata.__FUNCTION__.9191
                0x0000000008008160        0x5 build/obj_stm32-bluepill/main.o
 *fill*         0x0000000008008165        0x3 
 .rodata.main.str1.4
                0x0000000008008168       0xba build/obj_stm32-bluepill/main.o
 *fill*         0x0000000008008222        0x2 
 .rodata.str1.4
                0x0000000008008224        0x5 build/obj_stm32-bluepill/main.o
 *fill*         0x0000000008008229        0x3 
 .rodata.fanpwm_init.str1.4
                0x000000000800822c       0x16 build/obj_stm32-bluepill/fanpwm.o
 *fill*         0x0000000008008242        0x2 
 .rodata.fanpwm_set.str1.4
                0x0000000008008244       0x6a build/obj_stm32-bluepill/fanpwm.o
 *fill*         0x00000000080082ae        0x2 
 .rodata.str1.4
                0x00000000080082b0        0x7 build/obj_stm32-bluepill/fanpwm.o
 *fill*         0x00000000080082b7        0x1 
 .rodata.console_cmd_fanpwm.str1.4
                0x00000000080082b8       0x71 build/obj_stm32-bluepill/console_cmd.o
 *fill*         0x0000000008008329        0x3 
 .rodata.console_cmd_uptime.str1.4
                0x000000000800832c        0x5 build/obj_stm32-bluepill/console_cmd.o
 *fill*         0x0000000008008331        0x3 
 .rodata.console_cmd_usage.str1.4
                0x0000000008008334       0x51 build/obj_stm32-bluepill/console_cmd.o
 *fill*         0x0000000008008385        0x3 
 .rodata.console_cmds
                0x0000000008008388       0x30 build/obj_stm32-bluepill/console_cmd.o
                0x0000000008008388                console_cmds
 .rodata.str1.4
                0x00000000080083b8       0x24 build/obj_stm32-bluepill/console_cmd.o
                                         0x28 (size before relaxing)
 .rodata.__FUNCTION__.9158
                0x00000000080083dc       0x17 build/obj_stm32-bluepill/scheduler.o
 *fill*         0x00000000080083f3        0x1 
 .rodata.os_scheduler_push_task.str1.4
                0x00000000080083f4       0x92 build/obj_stm32-bluepill/scheduler.o
 *fill*         0x0000000008008486        0x2 
 .rodata.str1.4
                0x0000000008008488        0xd build/obj_stm32-bluepill/scheduler.o
 *fill*         0x0000000008008495        0x3 
 .rodata.board_init.str1.4
                0x0000000008008498       0x46 build/obj_stm32-bluepill/board.o
 *fill*         0x00000000080084de        0x2 
 .rodata.str1.4
                0x00000000080084e0        0x6 build/obj_stm32-bluepill/board.o
 *fill*         0x00000000080084e6        0x2 
 .rodata.AHBPrescTable
                0x00000000080084e8       0x10 build/obj_stm32-bluepill/system_stm32f1xx.o
                0x00000000080084e8                AHBPrescTable
 .rodata.APBPrescTable
                0x00000000080084f8        0x8 build/obj_stm32-bluepill/system_stm32f1xx.o
                0x00000000080084f8                APBPrescTable
 .rodata.__FUNCTION__.9156
                0x0000000008008500        0xd build/obj_stm32-bluepill/hal_gpio.o
 *fill*         0x000000000800850d        0x3 
 .rodata.__FUNCTION__.9162
                0x0000000008008510       0x10 build/obj_stm32-bluepill/hal_gpio.o
 .rodata.gpio_def
                0x0000000008008520       0x20 build/obj_stm32-bluepill/hal_gpio.o
 .rodata.hal_gpio_configure.str1.4
                0x0000000008008540       0x49 build/obj_stm32-bluepill/hal_gpio.o
                                         0x81 (size before relaxing)
 *fill*         0x0000000008008589        0x3 
 .rodata.hal_gpio_set.str1.4
                0x000000000800858c       0x2b build/obj_stm32-bluepill/hal_gpio.o
 *fill*         0x00000000080085b7        0x1 
 .rodata.str1.4
                0x00000000080085b8        0x9 build/obj_stm32-bluepill/hal_gpio.o
 *fill*         0x00000000080085c1        0x3 
 .rodata.hal_usbserial_init.str1.4
                0x00000000080085c4       0x91 build/obj_stm32-bluepill/hal_usbserial.o
 *fill*         0x0000000008008655        0x3 
 .rodata.str1.4
                0x0000000008008658        0xa build/obj_stm32-bluepill/hal_usbserial.o
 *fill*         0x0000000008008662        0x2 
 .rodata.USBD_FS_ConfigStrDescriptor.str1.4
                0x0000000008008664        0xb build/obj_stm32-bluepill/usbd_desc.o
 *fill*         0x000000000800866f        0x1 
 .rodata.USBD_FS_InterfaceStrDescriptor.str1.4
                0x0000000008008670        0xe build/obj_stm32-bluepill/usbd_desc.o
 *fill*         0x000000000800867e        0x2 
 .rodata.USBD_FS_ManufacturerStrDescriptor.str1.4
                0x0000000008008680       0x13 build/obj_stm32-bluepill/usbd_desc.o
 *fill*         0x0000000008008693        0x1 
 .rodata.USBD_FS_ProductStrDescriptor.str1.4
                0x0000000008008694       0x16 build/obj_stm32-bluepill/usbd_desc.o
 *fill*         0x00000000080086aa        0x2 
 .rodata.USBD_FS_SerialStrDescriptor.str1.4
                0x00000000080086ac        0xd build/obj_stm32-bluepill/usbd_desc.o
 *fill*         0x00000000080086b9        0x3 
 .rodata.str1.4
                0x00000000080086bc        0xb build/obj_stm32-bluepill/usb_device.o
 *fill*         0x00000000080086c7        0x1 
 .rodata.usb_device_init.str1.4
                0x00000000080086c8      0x11b build/obj_stm32-bluepill/usb_device.o
                                        0x132 (size before relaxing)
 *fill*         0x00000000080087e3        0x1 
 .rodata.CDC_Init_FS.str1.4
                0x00000000080087e4       0x14 build/obj_stm32-bluepill/usbd_cdc_if.o
 .rodata.CDC_Receive_FS.str1.4
                0x00000000080087f8       0x87 build/obj_stm32-bluepill/usbd_cdc_if.o
 *fill*         0x000000000800887f        0x1 
 .rodata.__FUNCTION__.8634
                0x0000000008008880        0xc build/obj_stm32-bluepill/usbd_cdc_if.o
 .rodata.str1.4
                0x000000000800888c        0x8 build/obj_stm32-bluepill/usbd_cdc_if.o
 .rodata.console_task.str1.4
                0x0000000008008894       0xd3 build/obj_stm32-bluepill/console.o
                                         0xd7 (size before relaxing)
 *fill*         0x0000000008008967        0x1 
 .rodata.str1.4
                0x0000000008008968        0x8 build/obj_stm32-bluepill/console.o
 .rodata.number.str1.4
                0x0000000008008970       0x4d build/obj_stm32-bluepill/trace.o
 *fill*         0x00000000080089bd        0x3 
 .rodata.trace_printf.str1.4
                0x00000000080089c0        0x7 build/obj_stm32-bluepill/trace.o
 *fill*         0x00000000080089c7        0x1 
 .rodata.time2str.str1.4
                0x00000000080089c8       0x18 build/obj_stm32-bluepill/utils.o
                                         0x2c (size before relaxing)
 .rodata.__FUNCTION__.9158
                0x00000000080089e0        0xf build/obj_stm32-bluepill/hal_led.o
 *fill*         0x00000000080089ef        0x1 
 .rodata.__FUNCTION__.9167
                0x00000000080089f0        0xe build/obj_stm32-bluepill/hal_led.o
 *fill*         0x00000000080089fe        0x2 
 .rodata.hal_led_toggle.str1.4
                0x0000000008008a00       0x3c build/obj_stm32-bluepill/hal_led.o
                                         0x74 (size before relaxing)
 .rodata.str1.4
                0x0000000008008a3c        0x8 build/obj_stm32-bluepill/hal_led.o
 .rodata._svfprintf_r.str1.1
                0x0000000008008a44       0x11 /opt/gcc-arm-none-eabi-7-2018-q2-update/bin/../lib/gcc/arm-none-eabi/7.3.1/../../../../arm-none-eabi/lib/thumb/v7-m/libc_nano.a(lib_a-nano-svfprintf.o)
 *fill*         0x0000000008008a55        0x3 
 .rodata.__sf_fake_stderr
                0x0000000008008a58       0x20 /opt/gcc-arm-none-eabi-7-2018-q2-update/bin/../lib/gcc/arm-none-eabi/7.3.1/../../../../arm-none-eabi/lib/thumb/v7-m/libc_nano.a(lib_a-findfp.o)
                0x0000000008008a58                __sf_fake_stderr
 .rodata.__sf_fake_stdin
                0x0000000008008a78       0x20 /opt/gcc-arm-none-eabi-7-2018-q2-update/bin/../lib/gcc/arm-none-eabi/7.3.1/../../../../arm-none-eabi/lib/thumb/v7-m/libc_nano.a(lib_a-findfp.o)
                0x0000000008008a78                __sf_fake_stdin
 .rodata.__sf_fake_stdout
                0x0000000008008a98       0x20 /opt/gcc-arm-none-eabi-7-2018-q2-update/bin/../lib/gcc/arm-none-eabi/7.3.1/../../../../arm-none-eabi/lib/thumb/v7-m/libc_nano.a(lib_a-findfp.o)
                0x0000000008008a98                __sf_fake_stdout
                0x0000000008008ab8                . = ALIGN (0x4)

.ARM.extab
 *(.ARM.extab* .gnu.linkonce.armextab.*)

.ARM            0x0000000008008ab8        0x8
                0x0000000008008ab8                __exidx_start = .
 *(.ARM.exidx*)
 .ARM.exidx     0x0000000008008ab8        0x8 /opt/gcc-arm-none-eabi-7-2018-q2-update/bin/../lib/gcc/arm-none-eabi/7.3.1/thumb/v7-m/libgcc.a(_udivmoddi4.o)
                0x0000000008008ac0                __exidx_end = .

.rel.dyn        0x0000000008008ac0        0x0
 .rel.iplt      0x0000000008008ac0        0x0 /opt/gcc-arm-none-eabi-7-2018-q2-update/bin/../lib/gcc/arm-none-eabi/7.3.1/thumb/v7-m/crtbegin.o

.preinit_array  0x0000000008008ac0        0x0
                0x0000000008008ac0                PROVIDE (__preinit_array_start = .)
 *(.preinit_array*)
                0x0000000008008ac0                PROVIDE (__preinit_array_end = .)

.init_array     0x0000000008008ac0        0x4
                0x0000000008008ac0                PROVIDE (__init_array_start = .)
 *(SORT_BY_NAME(.init_array.*))
 *(.init_array*)
 .init_array    0x0000000008008ac0        0x4 /opt/gcc-arm-none-eabi-7-2018-q2-update/bin/../lib/gcc/arm-none-eabi/7.3.1/thumb/v7-m/crtbegin.o
                0x0000000008008ac4                PROVIDE (__init_array_end = .)

.fini_array     0x0000000008008ac4        0x4
                [!provide]                        PROVIDE (__fini_array_start = .)
 *(SORT_BY_NAME(.fini_array.*))
 *(.fini_array*)
 .fini_array    0x0000000008008ac4        0x4 /opt/gcc-arm-none-eabi-7-2018-q2-update/bin/../lib/gcc/arm-none-eabi/7.3.1/thumb/v7-m/crtbegin.o
                [!provide]                        PROVIDE (__fini_array_end = .)
                0x0000000008008ac8                _sidata = LOADADDR (.data)

.data           0x0000000020000000      0x388 load address 0x0000000008008ac8
                0x0000000020000000                . = ALIGN (0x4)
                0x0000000020000000                _sdata = .
 *(.data)
 *(.data*)
 .data._impure_ptr
                0x0000000020000000        0x4 /opt/gcc-arm-none-eabi-7-2018-q2-update/bin/../lib/gcc/arm-none-eabi/7.3.1/../../../../arm-none-eabi/lib/thumb/v7-m/libc_nano.a(lib_a-impure.o)
                0x0000000020000000                _impure_ptr
 .data.impure_data
                0x0000000020000004       0x60 /opt/gcc-arm-none-eabi-7-2018-q2-update/bin/../lib/gcc/arm-none-eabi/7.3.1/../../../../arm-none-eabi/lib/thumb/v7-m/libc_nano.a(lib_a-impure.o)
 .data.__global_locale
                0x0000000020000064      0x16c /opt/gcc-arm-none-eabi-7-2018-q2-update/bin/../lib/gcc/arm-none-eabi/7.3.1/../../../../arm-none-eabi/lib/thumb/v7-m/libc_nano.a(lib_a-locale.o)
                0x0000000020000064                __global_locale
 .data.trace_tag_Main
                0x00000000200001d0        0x8 build/obj_stm32-bluepill/main.o
                0x00000000200001d0                trace_tag_Main
 .data.trace_tag_fanpwm
                0x00000000200001d8        0x8 build/obj_stm32-bluepill/fanpwm.o
                0x00000000200001d8                trace_tag_fanpwm
 .data.trace_tag_os_scheduler
                0x00000000200001e0        0x8 build/obj_stm32-bluepill/scheduler.o
                0x00000000200001e0                trace_tag_os_scheduler
 .data.timers   0x00000000200001e8        0x8 build/obj_stm32-bluepill/timer.o
 .data.trace_tag_board
                0x00000000200001f0        0x8 build/obj_stm32-bluepill/board.o
                0x00000000200001f0                trace_tag_board
 .data.SystemCoreClock
                0x00000000200001f8        0x4 build/obj_stm32-bluepill/system_stm32f1xx.o
                0x00000000200001f8                SystemCoreClock
 .data.uwTickFreq
                0x00000000200001fc        0x1 build/obj_stm32-bluepill/stm32f1xx_hal.o
                0x00000000200001fc                uwTickFreq
 *fill*         0x00000000200001fd        0x3 
 .data.uwTickPrio
                0x0000000020000200        0x4 build/obj_stm32-bluepill/stm32f1xx_hal.o
                0x0000000020000200                uwTickPrio
 .data.trace_tag_hal_gpio
                0x0000000020000204        0x8 build/obj_stm32-bluepill/hal_gpio.o
                0x0000000020000204                trace_tag_hal_gpio
 .data.trace_tag_usbserial
                0x000000002000020c        0x8 build/obj_stm32-bluepill/hal_usbserial.o
                0x000000002000020c                trace_tag_usbserial
 .data.FS_Desc  0x0000000020000214       0x1c build/obj_stm32-bluepill/usbd_desc.o
                0x0000000020000214                FS_Desc
 .data.USBD_FS_DeviceDesc
                0x0000000020000230       0x12 build/obj_stm32-bluepill/usbd_desc.o
                0x0000000020000230                USBD_FS_DeviceDesc
 *fill*         0x0000000020000242        0x2 
 .data.USBD_LangIDDesc
                0x0000000020000244        0x4 build/obj_stm32-bluepill/usbd_desc.o
                0x0000000020000244                USBD_LangIDDesc
 .data.trace_tag_usb_device
                0x0000000020000248        0x8 build/obj_stm32-bluepill/usb_device.o
                0x0000000020000248                trace_tag_usb_device
 .data.USBD_CDC
                0x0000000020000250       0x38 build/obj_stm32-bluepill/usbd_cdc.o
                0x0000000020000250                USBD_CDC
 .data.USBD_CDC_CfgFSDesc
                0x0000000020000288       0x43 build/obj_stm32-bluepill/usbd_cdc.o
                0x0000000020000288                USBD_CDC_CfgFSDesc
 *fill*         0x00000000200002cb        0x1 
 .data.USBD_CDC_CfgHSDesc
                0x00000000200002cc       0x43 build/obj_stm32-bluepill/usbd_cdc.o
                0x00000000200002cc                USBD_CDC_CfgHSDesc
 *fill*         0x000000002000030f        0x1 
 .data.USBD_CDC_DeviceQualifierDesc
                0x0000000020000310        0xa build/obj_stm32-bluepill/usbd_cdc.o
 *fill*         0x000000002000031a        0x2 
 .data.USBD_CDC_OtherSpeedCfgDesc
                0x000000002000031c       0x43 build/obj_stm32-bluepill/usbd_cdc.o
                0x000000002000031c                USBD_CDC_OtherSpeedCfgDesc
 *fill*         0x000000002000035f        0x1 
 .data.USBD_Interface_fops_FS
                0x0000000020000360       0x10 build/obj_stm32-bluepill/usbd_cdc_if.o
                0x0000000020000360                USBD_Interface_fops_FS
 .data.trace_tag_usb_cdc
                0x0000000020000370        0x8 build/obj_stm32-bluepill/usbd_cdc_if.o
                0x0000000020000370                trace_tag_usb_cdc
 .data.trace_tag_console
                0x0000000020000378        0x8 build/obj_stm32-bluepill/console.o
                0x0000000020000378                trace_tag_console
 .data.trace_tag_hal_led
                0x0000000020000380        0x8 build/obj_stm32-bluepill/hal_led.o
                0x0000000020000380                trace_tag_hal_led
                0x0000000020000388                . = ALIGN (0x4)
                0x0000000020000388                _edata = .

.igot.plt       0x0000000020000388        0x0 load address 0x0000000008008e50
 .igot.plt      0x0000000020000388        0x0 /opt/gcc-arm-none-eabi-7-2018-q2-update/bin/../lib/gcc/arm-none-eabi/7.3.1/thumb/v7-m/crtbegin.o
                0x0000000020000388                . = ALIGN (0x4)

.bss            0x0000000020000388     0x12ec load address 0x0000000008008e50
                0x0000000020000388                _sbss = .
                0x0000000020000388                __bss_start__ = _sbss
 *(.bss)
 .bss           0x0000000020000388       0x1c /opt/gcc-arm-none-eabi-7-2018-q2-update/bin/../lib/gcc/arm-none-eabi/7.3.1/thumb/v7-m/crtbegin.o
 *(.bss*)
 .bss.__malloc_free_list
                0x00000000200003a4        0x4 /opt/gcc-arm-none-eabi-7-2018-q2-update/bin/../lib/gcc/arm-none-eabi/7.3.1/../../../../arm-none-eabi/lib/thumb/v7-m/libc_nano.a(lib_a-nano-mallocr.o)
                0x00000000200003a4                __malloc_free_list
 .bss.__malloc_sbrk_start
                0x00000000200003a8        0x4 /opt/gcc-arm-none-eabi-7-2018-q2-update/bin/../lib/gcc/arm-none-eabi/7.3.1/../../../../arm-none-eabi/lib/thumb/v7-m/libc_nano.a(lib_a-nano-mallocr.o)
                0x00000000200003a8                __malloc_sbrk_start
 .bss.console   0x00000000200003ac       0x90 build/obj_stm32-bluepill/main.o
 .bss.timerstat
                0x000000002000043c       0x1c build/obj_stm32-bluepill/main.o
 .bss.htim1     0x0000000020000458       0x40 build/obj_stm32-bluepill/fanpwm.o
 .bss.taskq     0x0000000020000498      0x608 build/obj_stm32-bluepill/scheduler.o
 .bss.taskq_count
                0x0000000020000aa0        0x4 build/obj_stm32-bluepill/scheduler.o
 .bss.taskq_max
                0x0000000020000aa4        0x4 build/obj_stm32-bluepill/scheduler.o
 .bss.huart     0x0000000020000aa8       0x40 build/obj_stm32-bluepill/hal_console.o
 .bss.gpio_irq_handler
                0x0000000020000ae8        0x4 build/obj_stm32-bluepill/hal_gpio.o
 .bss.hdma_spi1_rx
                0x0000000020000aec       0x44 build/obj_stm32-bluepill/hal_spi.o
 .bss.cfgidx.8657
                0x0000000020000b30        0x1 build/obj_stm32-bluepill/usbd_ctlreq.o
 *fill*         0x0000000020000b31        0x3 
 .bss.mem.8720  0x0000000020000b34      0x220 build/obj_stm32-bluepill/usbd_conf.o
 .bss.ifalt.8652
                0x0000000020000d54        0x1 build/obj_stm32-bluepill/usbd_cdc.o
 *fill*         0x0000000020000d55        0x3 
 .bss.UserRxBufferFS
                0x0000000020000d58       0x80 build/obj_stm32-bluepill/usbd_cdc_if.o
 .bss.UserTxBufferFS
                0x0000000020000dd8       0x80 build/obj_stm32-bluepill/usbd_cdc_if.o
 .bss.hUsbDevice_0
                0x0000000020000e58        0x4 build/obj_stm32-bluepill/usbd_cdc_if.o
 .bss.rxbuf     0x0000000020000e5c      0x100 build/obj_stm32-bluepill/usbd_cdc_if.o
 .bss.rxbuf_head
                0x0000000020000f5c        0x2 build/obj_stm32-bluepill/usbd_cdc_if.o
 .bss.rxbuf_tail
                0x0000000020000f5e        0x2 build/obj_stm32-bluepill/usbd_cdc_if.o
 .bss.buf.9238  0x0000000020000f60       0x30 build/obj_stm32-bluepill/trace.o
 .bss.ledstate  0x0000000020000f90       0x48 build/obj_stm32-bluepill/hal_led.o
 .bss.heap_end.4102
                0x0000000020000fd8        0x4 /opt/gcc-arm-none-eabi-7-2018-q2-update/bin/../lib/gcc/arm-none-eabi/7.3.1/../../../../arm-none-eabi/lib/thumb/v7-m/libnosys.a(sbrk.o)
 *(COMMON)
 COMMON         0x0000000020000fdc        0x4 /opt/gcc-arm-none-eabi-7-2018-q2-update/bin/../lib/gcc/arm-none-eabi/7.3.1/../../../../arm-none-eabi/lib/thumb/v7-m/libc_nano.a(lib_a-reent.o)
                0x0000000020000fdc                errno
 COMMON         0x0000000020000fe0        0x4 build/obj_stm32-bluepill/stm32f1xx_hal.o
                0x0000000020000fe0                uwTick
 COMMON         0x0000000020000fe4      0x26c build/obj_stm32-bluepill/usbd_conf.o
                0x0000000020000fe4                hpcd_USB_FS
 COMMON         0x0000000020001250      0x200 build/obj_stm32-bluepill/usbd_desc.o
                0x0000000020001250                USBD_StrDesc
 COMMON         0x0000000020001450      0x224 build/obj_stm32-bluepill/usb_device.o
                0x0000000020001450                hUsbDeviceFS
                0x0000000020001674                . = ALIGN (0x4)
                0x0000000020001674                _ebss = .
                0x0000000020001674                __bss_end__ = _ebss
                0x0000000020001674                PROVIDE (end = _ebss)
                [!provide]                        PROVIDE (_end = _ebss)

._user_heap_stack
                0x0000000020001674     0x1000 load address 0x0000000008008e50
                0x0000000020001674                . = ALIGN (0x4)
                0x0000000020001674                . = (. + _Min_Heap_Size)
                0x0000000020001674                . = ALIGN (0x4)
                [!provide]                        PROVIDE (_eheap = .)
                0x0000000020002674                . = (. + _Min_Stack_Size)
 *fill*         0x0000000020001674     0x1000 
                0x0000000020002674                . = ALIGN (0x4)

/DISCARD/
 libc.a(*)
 libm.a(*)
 libgcc.a(*)

.ARM.attributes
                0x0000000000000000       0x29
 *(.ARM.attributes)
 .ARM.attributes
                0x0000000000000000       0x1d /opt/gcc-arm-none-eabi-7-2018-q2-update/bin/../lib/gcc/arm-none-eabi/7.3.1/thumb/v7-m/crti.o
 .ARM.attributes
                0x000000000000001d       0x2d /opt/gcc-arm-none-eabi-7-2018-q2-update/bin/../lib/gcc/arm-none-eabi/7.3.1/thumb/v7-m/crtbegin.o
 .ARM.attributes
                0x000000000000004a       0x2d /opt/gcc-arm-none-eabi-7-2018-q2-update/bin/../lib/gcc/arm-none-eabi/7.3.1/../../../../arm-none-eabi/lib/thumb/v7-m/libc_nano.a(lib_a-impure.o)
 .ARM.attributes
                0x0000000000000077       0x2d /opt/gcc-arm-none-eabi-7-2018-q2-update/bin/../lib/gcc/arm-none-eabi/7.3.1/../../../../arm-none-eabi/lib/thumb/v7-m/libc_nano.a(lib_a-memset.o)
 .ARM.attributes
                0x00000000000000a4       0x2d /opt/gcc-arm-none-eabi-7-2018-q2-update/bin/../lib/gcc/arm-none-eabi/7.3.1/../../../../arm-none-eabi/lib/thumb/v7-m/libc_nano.a(lib_a-nano-vfprintf_float.o)
 .ARM.attributes
                0x00000000000000d1       0x2d /opt/gcc-arm-none-eabi-7-2018-q2-update/bin/../lib/gcc/arm-none-eabi/7.3.1/../../../../arm-none-eabi/lib/thumb/v7-m/libc_nano.a(lib_a-nano-vfprintf_i.o)
 .ARM.attributes
                0x00000000000000fe       0x17 /opt/gcc-arm-none-eabi-7-2018-q2-update/bin/../lib/gcc/arm-none-eabi/7.3.1/../../../../arm-none-eabi/lib/thumb/v7-m/libc_nano.a(lib_a-strlen.o)
 .ARM.attributes
                0x0000000000000115       0x2d /opt/gcc-arm-none-eabi-7-2018-q2-update/bin/../lib/gcc/arm-none-eabi/7.3.1/../../../../arm-none-eabi/lib/thumb/v7-m/libc_nano.a(lib_a-dtoa.o)
 .ARM.attributes
                0x0000000000000142       0x2d /opt/gcc-arm-none-eabi-7-2018-q2-update/bin/../lib/gcc/arm-none-eabi/7.3.1/../../../../arm-none-eabi/lib/thumb/v7-m/libc_nano.a(lib_a-localeconv.o)
 .ARM.attributes
                0x000000000000016f       0x2d /opt/gcc-arm-none-eabi-7-2018-q2-update/bin/../lib/gcc/arm-none-eabi/7.3.1/../../../../arm-none-eabi/lib/thumb/v7-m/libc_nano.a(lib_a-malloc.o)
 .ARM.attributes
                0x000000000000019c       0x2d /opt/gcc-arm-none-eabi-7-2018-q2-update/bin/../lib/gcc/arm-none-eabi/7.3.1/../../../../arm-none-eabi/lib/thumb/v7-m/libc_nano.a(lib_a-memchr-stub.o)
 .ARM.attributes
                0x00000000000001c9       0x2d /opt/gcc-arm-none-eabi-7-2018-q2-update/bin/../lib/gcc/arm-none-eabi/7.3.1/../../../../arm-none-eabi/lib/thumb/v7-m/libc_nano.a(lib_a-memcpy-stub.o)
 .ARM.attributes
                0x00000000000001f6       0x2d /opt/gcc-arm-none-eabi-7-2018-q2-update/bin/../lib/gcc/arm-none-eabi/7.3.1/../../../../arm-none-eabi/lib/thumb/v7-m/libc_nano.a(lib_a-mprec.o)
 .ARM.attributes
                0x0000000000000223       0x2d /opt/gcc-arm-none-eabi-7-2018-q2-update/bin/../lib/gcc/arm-none-eabi/7.3.1/../../../../arm-none-eabi/lib/thumb/v7-m/libc_nano.a(lib_a-nano-callocr.o)
 .ARM.attributes
                0x0000000000000250       0x2d /opt/gcc-arm-none-eabi-7-2018-q2-update/bin/../lib/gcc/arm-none-eabi/7.3.1/../../../../arm-none-eabi/lib/thumb/v7-m/libc_nano.a(lib_a-nano-freer.o)
 .ARM.attributes
                0x000000000000027d       0x2d /opt/gcc-arm-none-eabi-7-2018-q2-update/bin/../lib/gcc/arm-none-eabi/7.3.1/../../../../arm-none-eabi/lib/thumb/v7-m/libc_nano.a(lib_a-nano-mallocr.o)
 .ARM.attributes
                0x00000000000002aa       0x2d /opt/gcc-arm-none-eabi-7-2018-q2-update/bin/../lib/gcc/arm-none-eabi/7.3.1/../../../../arm-none-eabi/lib/thumb/v7-m/libc_nano.a(lib_a-sbrkr.o)
 .ARM.attributes
                0x00000000000002d7       0x2d /opt/gcc-arm-none-eabi-7-2018-q2-update/bin/../lib/gcc/arm-none-eabi/7.3.1/../../../../arm-none-eabi/lib/thumb/v7-m/libc_nano.a(lib_a-locale.o)
 .ARM.attributes
                0x0000000000000304       0x2d /opt/gcc-arm-none-eabi-7-2018-q2-update/bin/../lib/gcc/arm-none-eabi/7.3.1/../../../../arm-none-eabi/lib/thumb/v7-m/libc_nano.a(lib_a-mbtowc_r.o)
 .ARM.attributes
                0x0000000000000331       0x2d /opt/gcc-arm-none-eabi-7-2018-q2-update/bin/../lib/gcc/arm-none-eabi/7.3.1/../../../../arm-none-eabi/lib/thumb/v7-m/libc_nano.a(lib_a-mlock.o)
 .ARM.attributes
                0x000000000000035e       0x2d /opt/gcc-arm-none-eabi-7-2018-q2-update/bin/../lib/gcc/arm-none-eabi/7.3.1/../../../../arm-none-eabi/lib/thumb/v7-m/libc_nano.a(lib_a-reent.o)
 .ARM.attributes
                0x000000000000038b       0x1b /opt/gcc-arm-none-eabi-7-2018-q2-update/bin/../lib/gcc/arm-none-eabi/7.3.1/../../../../arm-none-eabi/lib/thumb/v7-m/libc_nano.a(lib_a-strcmp.o)
 .ARM.attributes
                0x00000000000003a6       0x2d /opt/gcc-arm-none-eabi-7-2018-q2-update/bin/../lib/gcc/arm-none-eabi/7.3.1/../../../../arm-none-eabi/lib/thumb/v7-m/libc_nano.a(lib_a-wctomb_r.o)
 .ARM.attributes
                0x00000000000003d3       0x2d /opt/gcc-arm-none-eabi-7-2018-q2-update/bin/../lib/gcc/arm-none-eabi/7.3.1/../../../../arm-none-eabi/lib/thumb/v7-m/libc_nano.a(lib_a-ctype_.o)
 .ARM.attributes
                0x0000000000000400       0x33 build/obj_stm32-bluepill/main.o
 .ARM.attributes
                0x0000000000000433       0x33 build/obj_stm32-bluepill/fanpwm.o
 .ARM.attributes
                0x0000000000000466       0x33 build/obj_stm32-bluepill/console_cmd.o
 .ARM.attributes
                0x0000000000000499       0x33 build/obj_stm32-bluepill/scheduler.o
 .ARM.attributes
                0x00000000000004cc       0x33 build/obj_stm32-bluepill/timer.o
 .ARM.attributes
                0x00000000000004ff       0x33 build/obj_stm32-bluepill/board.o
 .ARM.attributes
                0x0000000000000532       0x33 build/obj_stm32-bluepill/system_stm32f1xx.o
 .ARM.attributes
                0x0000000000000565       0x33 build/obj_stm32-bluepill/stm32f1xx_hal.o
 .ARM.attributes
                0x0000000000000598       0x33 build/obj_stm32-bluepill/stm32f1xx_hal_cortex.o
 .ARM.attributes
                0x00000000000005cb       0x33 build/obj_stm32-bluepill/stm32f1xx_hal_dma.o
 .ARM.attributes
                0x00000000000005fe       0x33 build/obj_stm32-bluepill/stm32f1xx_hal_gpio.o
 .ARM.attributes
                0x0000000000000631       0x33 build/obj_stm32-bluepill/stm32f1xx_hal_pcd.o
 .ARM.attributes
                0x0000000000000664       0x33 build/obj_stm32-bluepill/stm32f1xx_hal_pcd_ex.o
 .ARM.attributes
                0x0000000000000697       0x33 build/obj_stm32-bluepill/stm32f1xx_hal_rcc.o
 .ARM.attributes
                0x00000000000006ca       0x33 build/obj_stm32-bluepill/stm32f1xx_hal_rcc_ex.o
 .ARM.attributes
                0x00000000000006fd       0x33 build/obj_stm32-bluepill/stm32f1xx_hal_tim.o
 .ARM.attributes
                0x0000000000000730       0x33 build/obj_stm32-bluepill/stm32f1xx_hal_tim_ex.o
 .ARM.attributes
                0x0000000000000763       0x33 build/obj_stm32-bluepill/stm32f1xx_hal_uart.o
 .ARM.attributes
                0x0000000000000796       0x33 build/obj_stm32-bluepill/stm32f1xx_ll_usb.o
 .ARM.attributes
                0x00000000000007c9       0x33 build/obj_stm32-bluepill/hal_console.o
 .ARM.attributes
                0x00000000000007fc       0x33 build/obj_stm32-bluepill/hal_time.o
 .ARM.attributes
                0x000000000000082f       0x33 build/obj_stm32-bluepill/hal_gpio.o
 .ARM.attributes
                0x0000000000000862       0x33 build/obj_stm32-bluepill/hal_spi.o
 .ARM.attributes
                0x0000000000000895       0x33 build/obj_stm32-bluepill/hal_usbserial.o
 .ARM.attributes
                0x00000000000008c8       0x33 build/obj_stm32-bluepill/usbd_core.o
 .ARM.attributes
                0x00000000000008fb       0x33 build/obj_stm32-bluepill/usbd_ctlreq.o
 .ARM.attributes
                0x000000000000092e       0x33 build/obj_stm32-bluepill/usbd_ioreq.o
 .ARM.attributes
                0x0000000000000961       0x33 build/obj_stm32-bluepill/usbd_conf.o
 .ARM.attributes
                0x0000000000000994       0x33 build/obj_stm32-bluepill/usbd_desc.o
 .ARM.attributes
                0x00000000000009c7       0x33 build/obj_stm32-bluepill/usb_device.o
 .ARM.attributes
                0x00000000000009fa       0x33 build/obj_stm32-bluepill/usbd_cdc.o
 .ARM.attributes
                0x0000000000000a2d       0x33 build/obj_stm32-bluepill/usbd_cdc_if.o
 .ARM.attributes
                0x0000000000000a60       0x21 build/obj_stm32-bluepill/startup_stm32f103xb.o
 .ARM.attributes
                0x0000000000000a81       0x33 build/obj_stm32-bluepill/console.o
 .ARM.attributes
                0x0000000000000ab4       0x33 build/obj_stm32-bluepill/trace.o
 .ARM.attributes
                0x0000000000000ae7       0x33 build/obj_stm32-bluepill/utils.o
 .ARM.attributes
                0x0000000000000b1a       0x33 build/obj_stm32-bluepill/hal_led.o
 .ARM.attributes
                0x0000000000000b4d       0x1d /opt/gcc-arm-none-eabi-7-2018-q2-update/bin/../lib/gcc/arm-none-eabi/7.3.1/thumb/v7-m/libgcc.a(_arm_addsubdf3.o)
 .ARM.attributes
                0x0000000000000b6a       0x1d /opt/gcc-arm-none-eabi-7-2018-q2-update/bin/../lib/gcc/arm-none-eabi/7.3.1/thumb/v7-m/libgcc.a(_arm_muldivdf3.o)
 .ARM.attributes
                0x0000000000000b87       0x1d /opt/gcc-arm-none-eabi-7-2018-q2-update/bin/../lib/gcc/arm-none-eabi/7.3.1/thumb/v7-m/libgcc.a(_arm_cmpdf2.o)
 .ARM.attributes
                0x0000000000000ba4       0x1d /opt/gcc-arm-none-eabi-7-2018-q2-update/bin/../lib/gcc/arm-none-eabi/7.3.1/thumb/v7-m/libgcc.a(_arm_unorddf2.o)
 .ARM.attributes
                0x0000000000000bc1       0x1d /opt/gcc-arm-none-eabi-7-2018-q2-update/bin/../lib/gcc/arm-none-eabi/7.3.1/thumb/v7-m/libgcc.a(_arm_fixdfsi.o)
 .ARM.attributes
                0x0000000000000bde       0x1d /opt/gcc-arm-none-eabi-7-2018-q2-update/bin/../lib/gcc/arm-none-eabi/7.3.1/thumb/v7-m/libgcc.a(_aeabi_ldivmod.o)
 .ARM.attributes
                0x0000000000000bfb       0x1d /opt/gcc-arm-none-eabi-7-2018-q2-update/bin/../lib/gcc/arm-none-eabi/7.3.1/thumb/v7-m/libgcc.a(_aeabi_uldivmod.o)
 .ARM.attributes
                0x0000000000000c18       0x2d /opt/gcc-arm-none-eabi-7-2018-q2-update/bin/../lib/gcc/arm-none-eabi/7.3.1/thumb/v7-m/libgcc.a(_udivmoddi4.o)
 .ARM.attributes
                0x0000000000000c45       0x1d /opt/gcc-arm-none-eabi-7-2018-q2-update/bin/../lib/gcc/arm-none-eabi/7.3.1/thumb/v7-m/libgcc.a(_dvmd_tls.o)
 .ARM.attributes
                0x0000000000000c62       0x2d /opt/gcc-arm-none-eabi-7-2018-q2-update/bin/../lib/gcc/arm-none-eabi/7.3.1/../../../../arm-none-eabi/lib/thumb/v7-m/libc_nano.a(lib_a-atoi.o)
 .ARM.attributes
                0x0000000000000c8f       0x2d /opt/gcc-arm-none-eabi-7-2018-q2-update/bin/../lib/gcc/arm-none-eabi/7.3.1/../../../../arm-none-eabi/lib/thumb/v7-m/libc_nano.a(lib_a-s_modf.o)
 .ARM.attributes
                0x0000000000000cbc       0x2d /opt/gcc-arm-none-eabi-7-2018-q2-update/bin/../lib/gcc/arm-none-eabi/7.3.1/../../../../arm-none-eabi/lib/thumb/v7-m/libc_nano.a(lib_a-snprintf.o)
 .ARM.attributes
                0x0000000000000ce9       0x2d /opt/gcc-arm-none-eabi-7-2018-q2-update/bin/../lib/gcc/arm-none-eabi/7.3.1/../../../../arm-none-eabi/lib/thumb/v7-m/libc_nano.a(lib_a-strnlen.o)
 .ARM.attributes
                0x0000000000000d16       0x2d /opt/gcc-arm-none-eabi-7-2018-q2-update/bin/../lib/gcc/arm-none-eabi/7.3.1/../../../../arm-none-eabi/lib/thumb/v7-m/libc_nano.a(lib_a-strtol.o)
 .ARM.attributes
                0x0000000000000d43       0x2d /opt/gcc-arm-none-eabi-7-2018-q2-update/bin/../lib/gcc/arm-none-eabi/7.3.1/../../../../arm-none-eabi/lib/thumb/v7-m/libc_nano.a(lib_a-nano-svfprintf.o)
 .ARM.attributes
                0x0000000000000d70       0x2d /opt/gcc-arm-none-eabi-7-2018-q2-update/bin/../lib/gcc/arm-none-eabi/7.3.1/../../../../arm-none-eabi/lib/thumb/v7-m/libc_nano.a(lib_a-memmove.o)
 .ARM.attributes
                0x0000000000000d9d       0x2d /opt/gcc-arm-none-eabi-7-2018-q2-update/bin/../lib/gcc/arm-none-eabi/7.3.1/../../../../arm-none-eabi/lib/thumb/v7-m/libc_nano.a(lib_a-nano-reallocr.o)
 .ARM.attributes
                0x0000000000000dca       0x2d /opt/gcc-arm-none-eabi-7-2018-q2-update/bin/../lib/gcc/arm-none-eabi/7.3.1/../../../../arm-none-eabi/lib/thumb/v7-m/libc_nano.a(lib_a-findfp.o)
 .ARM.attributes